Microchip MPLAB XC8 Compiler V2.45

Linker command line:

-W-3 \
  --edf=C:\Program Files\Microchip\xc8\v2.45\pic\dat\20230818022343_en.msgs \
  -cn -h+dist/default/debug\application.X.debug.sym \
  --cmf=dist/default/debug\application.X.debug.cmf -z -Q18F4620 \
  -oC:\Users\aliel\AppData\Local\Temp\xcBsbcg.1\driver_tmp_3.o \
  --defsym=__MPLAB_BUILD=1 --fixupoverflow=error \
  -Mdist/default/debug/application.X.debug.map \
  --md=C:\Users\aliel\AppData\Local\Temp\xcBsbcg.1\driver_tmp_0.dat -E1 \
  -ver=XC8 Compiler --acfsm=1493 -ACODE=00h-0FFFFh -ACONST=00h-0FFFFh \
  -ASMALLCONST=01000h-010FFhx240 -AMEDIUMCONST=01000h-0FFFFh \
  -ACOMRAM=01h-07Fh -AABS1=00h-0F7Fh -ABIGRAM=01h-0F7Fh \
  -ARAM=080h-0FFh,0100h-01FFhx14,0F00h-0F7Fh -ABANK0=080h-0FFh \
  -ABANK1=0100h-01FFh -ABANK2=0200h-02FFh -ABANK3=0300h-03FFh \
  -ABANK4=0400h-04FFh -ABANK5=0500h-05FFh -ABANK6=0600h-06FFh \
  -ABANK7=0700h-07FFh -ABANK8=0800h-08FFh -ABANK9=0900h-09FFh \
  -ABANK10=0A00h-0AFFh -ABANK11=0B00h-0BFFh -ABANK12=0C00h-0CFFh \
  -ABANK13=0D00h-0DFFh -ABANK14=0E00h-0EFFh -ABANK15=0F00h-0F7Fh \
  -ASFR=0F80h-0FFFh -ABIGSFR=0F80h-0FFFh -ACONFIG=0300000h-030000Dh \
  -AIDLOC=0200000h-0200007h -AEEDATA=0F00000h-0F003FFh -peeprom_data=EEDATA \
  -preset_vec=00h,intcode=08h,intcodelo,powerup,init -pramtop=01000h \
  -psmallconst=SMALLCONST -pmediumconst=MEDIUMCONST -pconst=CONST \
  -AFARRAM=00h-00h \
  -prdata=COMRAM,nvrram=COMRAM,nvbit=COMRAM,rbss=COMRAM,rbit=COMRAM \
  -pfarbss=FARRAM,fardata=FARRAM,nvFARRAM=FARRAM \
  -pintsave_regs=BIGRAM,bigbss=BIGRAM,bigdata=BIGRAM -pbss=RAM \
  -pidata=CODE,irdata=CODE,ibigdata=CODE,ifardata=CODE -prparam=COMRAM \
  C:\Users\aliel\AppData\Local\Temp\xcBsbcg.1\driver_tmp_9.o \
  dist/default/debug\application.X.debug.o 

Object code version is 3.11

Machine type is 18F4620



                Name                               Link     Load   Length Selector   Space Scale
C:\Users\aliel\AppData\Local\Temp\xcBsbcg.1\driver_tmp_9.o
                config                           300000   300000        E        0       4
                init                                  E        E        4        4       0
                reset_vec                             0        0        4        0       0
dist/default/debug\application.X.debug.o
                intcode                               8        8        6        4       0
                config                           300000   300000        E        0       4
                temp                                 7E       7E        1        1       1
                smallconst                         1000     1000        6      800       0
                text33                             2428     2428        4      803       0
                text32                             2424     2424        4      803       0
                text31                             2420     2420        4      803       0
                text30                             242E     242E        2      803       0
                text29                             241C     241C        4      803       0
                text28                             2418     2418        4      803       0
                text27                             2414     2414        4      803       0
                text26                             2410     2410        4      803       0
                text25                             240C     240C        4      803       0
                text24                             23B8     23B8       1A      803       0
                text23                             239E     239E       1A      803       0
                text22                             2384     2384       1A      803       0
                text21                             236A     236A       1A      803       0
                text20                             2408     2408        4      803       0
                text19                             23EA     23EA        C      803       0
                text18                             23DE     23DE        C      803       0
                text17                             23F6     23F6        8      803       0
                text16                             23D2     23D2        C      803       0
                intcode_body                       14C6     14C6      3E6      803       0
                text14                             1006     1006      4C0      803       0
                text13                             18AC     18AC      39A      803       0
                text12                             1F2A     1F2A      106      803       0
                text11                             1C46     1C46      1B4      803       0
                text10                             20D8     20D8       9A      803       0
                text9                              2350     2350       1A      803       0
                text8                              223C     223C       44      803       0
                text7                              23FE     23FE        6      803       0
                text6                              1DFA     1DFA      130      803       0
                text5                              22C0     22C0       40      803       0
                text4                              2280     2280       40      803       0
                text3                              2172     2172       68      803       0
                text2                              232E     232E       22      803       0
                text1                              242C     242C        2      803       0
                text0                              2030     2030       A8      803       0
                cstackCOMRAM                          1        1       49        1       1
                dataBANK0                            80       80       2E       80       1
                bssBANK0                             AE       AE       29       80       1
                dataCOMRAM                           7A       7A        4        1       1
                bssCOMRAM                            4A       4A       30        1       1
                cinit                              21DA     21DA       62      803       0
                idataBANK0                         2300     2300       2E      803       0
                idataCOMRAM                        2404     2404        4      803       0

TOTAL           Name                               Link     Load   Length     Space
        CLASS   CODE           
                intcode                               8        8        6         0
                init                                  E        E        4         0
                reset_vec                             0        0        4         0
                text33                             2428     2428        4         0
                text32                             2424     2424        4         0
                text31                             2420     2420        4         0
                text30                             242E     242E        2         0
                text29                             241C     241C        4         0
                text28                             2418     2418        4         0
                text27                             2414     2414        4         0
                text26                             2410     2410        4         0
                text25                             240C     240C        4         0
                text24                             23B8     23B8       1A         0
                text23                             239E     239E       1A         0
                text22                             2384     2384       1A         0
                text21                             236A     236A       1A         0
                text20                             2408     2408        4         0
                text19                             23EA     23EA        C         0
                text18                             23DE     23DE        C         0
                text17                             23F6     23F6        8         0
                text16                             23D2     23D2        C         0
                intcode_body                       14C6     14C6      3E6         0
                text14                             1006     1006      4C0         0
                text13                             18AC     18AC      39A         0
                text12                             1F2A     1F2A      106         0
                text11                             1C46     1C46      1B4         0
                text10                             20D8     20D8       9A         0
                text9                              2350     2350       1A         0
                text8                              223C     223C       44         0
                text7                              23FE     23FE        6         0
                text6                              1DFA     1DFA      130         0
                text5                              22C0     22C0       40         0
                text4                              2280     2280       40         0
                text3                              2172     2172       68         0
                text2                              232E     232E       22         0
                text1                              242C     242C        2         0
                text0                              2030     2030       A8         0
                cinit                              21DA     21DA       62         0
                idataBANK0                         2300     2300       2E         0
                idataCOMRAM                        2404     2404        4         0

        CLASS   CONST          

        CLASS   SMALLCONST     
                smallconst                         1000     1000        6         0

        CLASS   MEDIUMCONST    

        CLASS   COMRAM         
                temp                                 7E       7E        1         1
                cstackCOMRAM                          1        1       49         1
                dataCOMRAM                           7A       7A        4         1
                bssCOMRAM                            4A       4A       30         1

        CLASS   ABS1           

        CLASS   BIGRAM         

        CLASS   RAM            

        CLASS   BANK0          
                dataBANK0                            80       80       2E         1
                bssBANK0                             AE       AE       29         1

        CLASS   BANK1          

        CLASS   BANK2          

        CLASS   BANK3          

        CLASS   BANK4          

        CLASS   BANK5          

        CLASS   BANK6          

        CLASS   BANK7          

        CLASS   BANK8          

        CLASS   BANK9          

        CLASS   BANK10         

        CLASS   BANK11         

        CLASS   BANK12         

        CLASS   BANK13         

        CLASS   BANK14         

        CLASS   BANK15         

        CLASS   SFR            

        CLASS   BIGSFR         

        CLASS   CONFIG         
                config                           300000   300000        E         4

        CLASS   IDLOC          

        CLASS   EEDATA         

        CLASS   FARRAM         

        CLASS   HEAP           

        CLASS   STACK          



SEGMENTS        Name                           Load    Length   Top    Selector   Space  Class

                reset_vec                      000000  000004  000004         0       0  CODE    
                cstackCOMRAM                   000001  00007E  00007F         1       1  COMRAM  
                intcode                        000008  00000A  000012         4       0  CODE    
                dataBANK0                      000080  000057  0000D7        80       1  BANK0   
                smallconst                     001000  000006  001006       800       0  SMALLCON
                text14                         001006  00142A  002430       803       0  CODE    


UNUSED ADDRESS RANGES

        Name                Unused          Largest block    Delta
        BANK0            0000D7-0000FF               29
        BANK1            000100-0001FF              100
        BANK10           000A00-000AFF              100
        BANK11           000B00-000BFF              100
        BANK12           000C00-000CFF              100
        BANK13           000D00-000DFF              100
        BANK14           000E00-000EFF              100
        BANK15           000F00-000F7F               80
        BANK2            000200-0002FF              100
        BANK3            000300-0003FF              100
        BANK4            000400-0004FF              100
        BANK5            000500-0005FF              100
        BANK6            000600-0006FF              100
        BANK7            000700-0007FF              100
        BANK8            000800-0008FF              100
        BANK9            000900-0009FF              100
        BIGRAM           00007F-00007F                1
                         0000D7-000F7F              EA9
        BIGSFR           000F80-000FFF               80
        CODE             000004-000007                4
                         000012-000FFF              FEE
                         002430-00FFFF             DBD0
        COMRAM           00007F-00007F                1
        CONST            000004-000007                4
                         000012-000FFF              FEE
                         002430-00FFFF             DBD0
        EEDATA           F00000-F003FF              400
        IDLOC            200000-200007                8
        MEDIUMCONST      002430-00FFFF             DBD0
        RAM              0000D7-000F7F              100
        SFR              000F80-000FFF               80
        SMALLCONST       002430-00FFFF              100

                                  Symbol Table

?___fladd                                     cstackCOMRAM 000029
?___fldiv                                     cstackCOMRAM 000010
?___fltol                                     cstackCOMRAM 000039
?___xxtofl                                    cstackCOMRAM 000002
CCP1_Capture_Mode_Read_Value@F3119            bssCOMRAM    000068
I2C_Master_Mode_Clock_Configurations@i2c_obj  cstackCOMRAM 000043
I2C_Slave_Mode_Configurations@i2c_obj         cstackCOMRAM 000002
MSSP_I2C_Init@i2c_obj                         cstackCOMRAM 000046
MSSP_I2C_Init@ret                             cstackCOMRAM 000047
MSSP_I2C_Interrupt_Configurations@i2c_obj     cstackCOMRAM 000002
MSSP_I2C_Master_Send_Start@i2c_obj            cstackCOMRAM 000002
MSSP_I2C_Master_Send_Start@ret                cstackCOMRAM 000003
MSSP_I2C_Master_Send_Stop@i2c_obj             cstackCOMRAM 000002
MSSP_I2C_Master_Send_Stop@ret                 cstackCOMRAM 000003
MSSP_I2C_Master_Write_Blocking@_ack           cstackCOMRAM 000004
MSSP_I2C_Master_Write_Blocking@i2c_data       cstackCOMRAM 000003
MSSP_I2C_Master_Write_Blocking@i2c_obj        cstackCOMRAM 000002
MSSP_I2C_Master_Write_Blocking@ret            cstackCOMRAM 000005
MSSP_I2C_Send_1_Byte@_data                    cstackCOMRAM 000006
RB4_ISR@RB4_Source                            cstackCOMRAM 000001
RB5_ISR@RB5_Source                            cstackCOMRAM 000001
RB6_ISR@RB6_Source                            cstackCOMRAM 000001
RB7_ISR@RB7_Source                            cstackCOMRAM 000001
_ADCON0bits                                   (abs)        000FC2
_ADCON1bits                                   (abs)        000FC1
_ADCON2bits                                   (abs)        000FC0
_ADC_ISR                                      text33       002428
_ADC_InterruptHandler                         bssCOMRAM    00006E
_ADRESH                                       (abs)        000FC4
_ADRESL                                       (abs)        000FC3
_BAUDCONbits                                  (abs)        000FB8
_CCP1CONbits                                  (abs)        000FBD
_CCP1_ISR                                     text32       002424
_CCP1_InterruptHandler                        bssCOMRAM    00006C
_CCP2CONbits                                  (abs)        000FBA
_CCP2_ISR                                     text31       002420
_CCP2_InterruptHandler                        bssCOMRAM    00006A
_CCPR1H                                       (abs)        000FBF
_CCPR1L                                       (abs)        000FBE
_EEADR                                        (abs)        000FA9
_EEADRH                                       (abs)        000FAA
_EECON1bits                                   (abs)        000FA6
_EECON2                                       (abs)        000FA7
_EEDATA                                       (abs)        000FA8
_EUSART_FramingErrorHandler                   bssBANK0     0000B6
_EUSART_OverrunErrorHandler                   bssBANK0     0000B4
_EUSART_RX_ISR                                text30       00242E
_EUSART_RxInterruptHandler                    bssBANK0     0000B8
_EUSART_TX_ISR                                text29       00241C
_EUSART_TxInterruptHandler                    bssBANK0     0000BA
_I2C_DefaultInterruptHandle                   bssBANK0     0000C8
_I2C_Master_Mode_Clock_Configurations         text10       0020D8
_I2C_Report_Receive_Overflow_InterruptHandle  bssBANK0     0000C6
_I2C_Report_Write_Collision_InterruptHandler  bssCOMRAM    000050
_I2C_Slave_Mode_Configurations                text9        002350
_INT0_ISR                                     text28       002418
_INT0_InterruptHandler                        bssCOMRAM    000066
_INT1_ISR                                     text27       002414
_INT1_InterruptHandler                        bssCOMRAM    000064
_INT2_ISR                                     text26       002410
_INT2_InterruptHandler                        bssCOMRAM    000062
_INTCON2bits                                  (abs)        000FF1
_INTCON3bits                                  (abs)        000FF0
_INTCONbits                                   (abs)        000FF2
_InterruptManager                             intcode      000008
_LATA                                         (abs)        000F89
_LATB                                         (abs)        000F8A
_LATC                                         (abs)        000F8B
_LATD                                         (abs)        000F8C
_LATE                                         (abs)        000F8D
_MSSP_I2C_BC_ISR                              text25       00240C
_MSSP_I2C_Init                                text6        001DFA
_MSSP_I2C_Interrupt_Configurations            text8        00223C
_MSSP_I2C_Master_Send_Start                   text5        0022C0
_MSSP_I2C_Master_Send_Stop                    text4        002280
_MSSP_I2C_Master_Write_Blocking               text3        002172
_MSSP_I2C_Mode_GPIO_CFG                       text7        0023FE
_MSSP_I2C_Send_1_Byte                         text2        00232E
_PIE1bits                                     (abs)        000F9D
_PIE2bits                                     (abs)        000FA0
_PIR1bits                                     (abs)        000F9E
_PIR2bits                                     (abs)        000FA1
_PORTA                                        (abs)        000F80
_PORTB                                        (abs)        000F81
_PORTBbits                                    (abs)        000F81
_PORTC                                        (abs)        000F82
_PORTD                                        (abs)        000F83
_PORTE                                        (abs)        000F84
_RB4_Flag                                     dataCOMRAM   00007D
_RB4_ISR                                      text24       0023B8
_RB4_InterruptHandler_HIGH                    bssCOMRAM    000060
_RB4_InterruptHandler_LOW                     bssCOMRAM    00005E
_RB5_Flag                                     dataCOMRAM   00007C
_RB5_ISR                                      text23       00239E
_RB5_InterruptHandler_HIGH                    bssCOMRAM    00005C
_RB5_InterruptHandler_LOW                     bssCOMRAM    00005A
_RB6_Flag                                     dataCOMRAM   00007B
_RB6_ISR                                      text22       002384
_RB6_InterruptHandler_HIGH                    bssCOMRAM    000058
_RB6_InterruptHandler_LOW                     bssCOMRAM    000056
_RB7_Flag                                     dataCOMRAM   00007A
_RB7_ISR                                      text21       00236A
_RB7_InterruptHandler_HIGH                    bssCOMRAM    000054
_RB7_InterruptHandler_LOW                     bssCOMRAM    000052
_RCREG                                        (abs)        000FAE
_RCSTAbits                                    (abs)        000FAB
_SPBRG                                        (abs)        000FAF
_SPBRGH                                       (abs)        000FB0
_SPI_ISR                                      text20       002408
_SPI_InterruptHandler_Callbak                 bssBANK0     0000C4
_SSPADD                                       (abs)        000FC8
_SSPBUF                                       (abs)        000FC9
_SSPCON1bits                                  (abs)        000FC6
_SSPCON2bits                                  (abs)        000FC5
_SSPSTATbits                                  (abs)        000FC7
_T0CONbits                                    (abs)        000FD5
_T1CONbits                                    (abs)        000FCD
_T2CONbits                                    (abs)        000FCA
_T3CONbits                                    (abs)        000FB1
_TMR0H                                        (abs)        000FD7
_TMR0L                                        (abs)        000FD6
_TMR0_ISR                                     text19       0023EA
_TMR0_InterruptHandler                        bssBANK0     0000C2
_TMR1H                                        (abs)        000FCF
_TMR1L                                        (abs)        000FCE
_TMR1_ISR                                     text18       0023DE
_TMR1_InterruptHandler                        bssBANK0     0000C0
_TMR2                                         (abs)        000FCC
_TMR2_ISR                                     text17       0023F6
_TMR2_InterruptHandler                        bssBANK0     0000BE
_TMR3H                                        (abs)        000FB3
_TMR3L                                        (abs)        000FB2
_TMR3_ISR                                     text16       0023D2
_TMR3_InterruptHandler                        bssBANK0     0000BC
_TRISA                                        (abs)        000F92
_TRISB                                        (abs)        000F93
_TRISC                                        (abs)        000F94
_TRISCbits                                    (abs)        000F94
_TRISD                                        (abs)        000F95
_TRISE                                        (abs)        000F96
_TXREG                                        (abs)        000FAD
_TXSTAbits                                    (abs)        000FAC
__HRAM                                        (abs)        000000
__H__absolute__                               __absolute__ 000000
__Habs1                                       abs1         000000
__Hbank0                                      bank0        000000
__Hbank1                                      bank1        000000
__Hbank10                                     bank10       000000
__Hbank11                                     bank11       000000
__Hbank12                                     bank12       000000
__Hbank13                                     bank13       000000
__Hbank14                                     bank14       000000
__Hbank15                                     bank15       000000
__Hbank2                                      bank2        000000
__Hbank3                                      bank3        000000
__Hbank4                                      bank4        000000
__Hbank5                                      bank5        000000
__Hbank6                                      bank6        000000
__Hbank7                                      bank7        000000
__Hbank8                                      bank8        000000
__Hbank9                                      bank9        000000
__Hbigbss                                     bigbss       000000
__Hbigdata                                    bigdata      000000
__Hbigram                                     bigram       000000
__Hbigsfr                                     bigsfr       000000
__Hbss                                        bss          000000
__HbssBANK0                                   bssBANK0     000000
__HbssCOMRAM                                  bssCOMRAM    000000
__Hcinit                                      cinit        000000
__Hclrtext                                    clrtext      000000
__Hcomram                                     comram       000000
__Hconfig                                     config       30000E
__Hconst                                      const        000000
__HcstackCOMRAM                               cstackCOMRAM 000000
__Hdata                                       data         000000
__HdataBANK0                                  dataBANK0    000000
__HdataCOMRAM                                 dataCOMRAM   000000
__Heeprom_data                                eeprom_data  000000
__Hfarbss                                     farbss       000000
__Hfardata                                    fardata      000000
__Hheap                                       heap         000000
__Hibigdata                                   ibigdata     000000
__Hidata                                      idata        000000
__HidataBANK0                                 idataBANK0   000000
__HidataCOMRAM                                idataCOMRAM  000000
__Hidloc                                      idloc        000000
__Hifardata                                   ifardata     000000
__Hinit                                       init         000012
__Hintcode                                    intcode      00000E
__Hintcode_body                               intcode_body 000000
__Hintcodelo                                  intcodelo    00000E
__Hintentry                                   intentry     000000
__Hintret                                     intret       000000
__Hintsave_regs                               intsave_regs 000000
__Hirdata                                     irdata       000000
__Hmediumconst                                mediumconst  000000
__HnvFARRAM                                   nvFARRAM     000000
__Hnvbit                                      nvbit        000000
__Hnvrram                                     nvrram       000000
__Hparam                                      rparam       000000
__Hpowerup                                    powerup      00000E
__Hram                                        ram          000000
__Hramtop                                     ramtop       001000
__Hrbit                                       rbit         000000
__Hrbss                                       rbss         000000
__Hrdata                                      rdata        000000
__Hreset_vec                                  reset_vec    000004
__Hrparam                                     rparam       000000
__Hsfr                                        sfr          000000
__Hsmallconst                                 smallconst   001006
__Hspace_0                                    (abs)        002430
__Hspace_1                                    (abs)        0000D7
__Hspace_2                                    (abs)        000000
__Hspace_4                                    (abs)        60000E
__Hstack                                      stack        000000
__Hstruct                                     struct       000000
__Htemp                                       temp         00007F
__Htext                                       text         000000
__Htext0                                      text0        000000
__Htext1                                      text1        000000
__Htext10                                     text10       000000
__Htext11                                     text11       000000
__Htext12                                     text12       000000
__Htext13                                     text13       000000
__Htext14                                     text14       000000
__Htext16                                     text16       000000
__Htext17                                     text17       000000
__Htext18                                     text18       000000
__Htext19                                     text19       000000
__Htext2                                      text2        000000
__Htext20                                     text20       000000
__Htext21                                     text21       000000
__Htext22                                     text22       000000
__Htext23                                     text23       000000
__Htext24                                     text24       000000
__Htext25                                     text25       000000
__Htext26                                     text26       000000
__Htext27                                     text27       000000
__Htext28                                     text28       000000
__Htext29                                     text29       000000
__Htext3                                      text3        000000
__Htext30                                     text30       000000
__Htext31                                     text31       000000
__Htext32                                     text32       000000
__Htext33                                     text33       000000
__Htext4                                      text4        000000
__Htext5                                      text5        000000
__Htext6                                      text6        000000
__Htext7                                      text7        000000
__Htext8                                      text8        000000
__Htext9                                      text9        000000
__LRAM                                        (abs)        000001
__L__absolute__                               __absolute__ 000000
__Labs1                                       abs1         000000
__Lbank0                                      bank0        000000
__Lbank1                                      bank1        000000
__Lbank10                                     bank10       000000
__Lbank11                                     bank11       000000
__Lbank12                                     bank12       000000
__Lbank13                                     bank13       000000
__Lbank14                                     bank14       000000
__Lbank15                                     bank15       000000
__Lbank2                                      bank2        000000
__Lbank3                                      bank3        000000
__Lbank4                                      bank4        000000
__Lbank5                                      bank5        000000
__Lbank6                                      bank6        000000
__Lbank7                                      bank7        000000
__Lbank8                                      bank8        000000
__Lbank9                                      bank9        000000
__Lbigbss                                     bigbss       000000
__Lbigdata                                    bigdata      000000
__Lbigram                                     bigram       000000
__Lbigsfr                                     bigsfr       000000
__Lbss                                        bss          000000
__LbssBANK0                                   bssBANK0     000000
__LbssCOMRAM                                  bssCOMRAM    000000
__Lcinit                                      cinit        000000
__Lclrtext                                    clrtext      000000
__Lcomram                                     comram       000000
__Lconfig                                     config       000000
__Lconst                                      const        000000
__LcstackCOMRAM                               cstackCOMRAM 000000
__Ldata                                       data         000000
__LdataBANK0                                  dataBANK0    000000
__LdataCOMRAM                                 dataCOMRAM   000000
__Leeprom_data                                eeprom_data  000000
__Lfarbss                                     farbss       000000
__Lfardata                                    fardata      000000
__Lheap                                       heap         000000
__Libigdata                                   ibigdata     000000
__Lidata                                      idata        000000
__LidataBANK0                                 idataBANK0   000000
__LidataCOMRAM                                idataCOMRAM  000000
__Lidloc                                      idloc        000000
__Lifardata                                   ifardata     000000
__Linit                                       init         00000E
__Lintcode                                    intcode      000008
__Lintcode_body                               intcode_body 000000
__Lintcodelo                                  intcodelo    00000E
__Lintentry                                   intentry     000000
__Lintret                                     intret       000000
__Lintsave_regs                               intsave_regs 000000
__Lirdata                                     irdata       000000
__Lmediumconst                                mediumconst  000000
__LnvFARRAM                                   nvFARRAM     000000
__Lnvbit                                      nvbit        000000
__Lnvrram                                     nvrram       000000
__Lparam                                      rparam       000000
__Lpowerup                                    powerup      00000E
__Lram                                        ram          000000
__Lramtop                                     ramtop       001000
__Lrbit                                       rbit         000000
__Lrbss                                       rbss         000000
__Lrdata                                      rdata        000000
__Lreset_vec                                  reset_vec    000000
__Lrparam                                     rparam       000000
__Lsfr                                        sfr          000000
__Lsmallconst                                 smallconst   001000
__Lspace_0                                    (abs)        000000
__Lspace_1                                    (abs)        000000
__Lspace_2                                    (abs)        000000
__Lspace_4                                    (abs)        000000
__Lstack                                      stack        000000
__Lstruct                                     struct       000000
__Ltemp                                       temp         00007E
__Ltext                                       text         000000
__Ltext0                                      text0        000000
__Ltext1                                      text1        000000
__Ltext10                                     text10       000000
__Ltext11                                     text11       000000
__Ltext12                                     text12       000000
__Ltext13                                     text13       000000
__Ltext14                                     text14       000000
__Ltext16                                     text16       000000
__Ltext17                                     text17       000000
__Ltext18                                     text18       000000
__Ltext19                                     text19       000000
__Ltext2                                      text2        000000
__Ltext20                                     text20       000000
__Ltext21                                     text21       000000
__Ltext22                                     text22       000000
__Ltext23                                     text23       000000
__Ltext24                                     text24       000000
__Ltext25                                     text25       000000
__Ltext26                                     text26       000000
__Ltext27                                     text27       000000
__Ltext28                                     text28       000000
__Ltext29                                     text29       000000
__Ltext3                                      text3        000000
__Ltext30                                     text30       000000
__Ltext31                                     text31       000000
__Ltext32                                     text32       000000
__Ltext33                                     text33       000000
__Ltext4                                      text4        000000
__Ltext5                                      text5        000000
__Ltext6                                      text6        000000
__Ltext7                                      text7        000000
__Ltext8                                      text8        000000
__Ltext9                                      text9        000000
__S0                                          (abs)        002430
__S1                                          (abs)        0000D7
__S4                                          (abs)        000000
__S5                                          (abs)        000000
___fladd                                      text14       001006
___fladd@a                                    cstackCOMRAM 00002D
___fladd@aexp                                 cstackCOMRAM 000036
___fladd@b                                    cstackCOMRAM 000029
___fladd@bexp                                 cstackCOMRAM 000037
___fladd@grs                                  cstackCOMRAM 000038
___fladd@signs                                cstackCOMRAM 000035
___fldiv                                      text13       0018AC
___fldiv@a                                    cstackCOMRAM 000014
___fldiv@aexp                                 cstackCOMRAM 000028
___fldiv@b                                    cstackCOMRAM 000010
___fldiv@bexp                                 cstackCOMRAM 000027
___fldiv@grs                                  cstackCOMRAM 000023
___fldiv@new_exp                              cstackCOMRAM 000021
___fldiv@rem                                  cstackCOMRAM 00001C
___fldiv@sign                                 cstackCOMRAM 000020
___fltol                                      text12       001F2A
___fltol@exp1                                 cstackCOMRAM 000042
___fltol@f1                                   cstackCOMRAM 000039
___fltol@sign1                                cstackCOMRAM 000041
___heap_hi                                    (abs)        000000
___heap_lo                                    (abs)        000000
___inthi_sp                                   stack        000000
___inthi_stack_hi                             stack        000000
___inthi_stack_lo                             stack        000000
___intlo_sp                                   stack        000000
___intlo_stack_hi                             stack        000000
___intlo_stack_lo                             stack        000000
___param_bank                                 (abs)        000000
___rparam_used                                (abs)        000001
___sp                                         stack        000000
___stack_hi                                   stack        000000
___stack_lo                                   stack        000000
___xxtofl                                     text11       001C46
___xxtofl@arg                                 cstackCOMRAM 00000C
___xxtofl@exp                                 cstackCOMRAM 00000B
___xxtofl@sign                                cstackCOMRAM 00000A
___xxtofl@val                                 cstackCOMRAM 000002
__accesstop                                   (abs)        000080
__activetblptr                                (abs)        000003
__end_of_ADC_ISR                              text33       00242C
__end_of_CCP1_ISR                             text32       002428
__end_of_CCP2_ISR                             text31       002424
__end_of_EUSART_RX_ISR                        text30       002430
__end_of_EUSART_TX_ISR                        text29       002420
__end_of_I2C_Master_Mode_Clock_Configurations text10       002172
__end_of_I2C_Slave_Mode_Configurations        text9        00236A
__end_of_INT0_ISR                             text28       00241C
__end_of_INT1_ISR                             text27       002418
__end_of_INT2_ISR                             text26       002414
__end_of_InterruptManager                     intcode_body 0018AC
__end_of_MSSP_I2C_BC_ISR                      text25       002410
__end_of_MSSP_I2C_Init                        text6        001F2A
__end_of_MSSP_I2C_Interrupt_Configurations    text8        002280
__end_of_MSSP_I2C_Master_Send_Start           text5        002300
__end_of_MSSP_I2C_Master_Send_Stop            text4        0022C0
__end_of_MSSP_I2C_Master_Write_Blocking       text3        0021DA
__end_of_MSSP_I2C_Mode_GPIO_CFG               text7        002404
__end_of_MSSP_I2C_Send_1_Byte                 text2        002350
__end_of_RB4_ISR                              text24       0023D2
__end_of_RB5_ISR                              text23       0023B8
__end_of_RB6_ISR                              text22       00239E
__end_of_RB7_ISR                              text21       002384
__end_of_SPI_ISR                              text20       00240C
__end_of_TMR0_ISR                             text19       0023F6
__end_of_TMR1_ISR                             text18       0023EA
__end_of_TMR2_ISR                             text17       0023FE
__end_of_TMR3_ISR                             text16       0023DE
__end_of___fladd                              text14       0014C6
__end_of___fldiv                              text13       001C46
__end_of___fltol                              text12       002030
__end_of___xxtofl                             text11       001DFA
__end_of__initialization                      cinit        002232
__end_of_application_intialize                text1        00242E
__end_of_main                                 text0        0020D8
__initialization                              cinit        0021DA
__mediumconst                                 mediumconst  000000
__pbssBANK0                                   bssBANK0     0000AE
__pbssCOMRAM                                  bssCOMRAM    00004A
__pcinit                                      cinit        0021DA
__pcstackCOMRAM                               cstackCOMRAM 000001
__pdataBANK0                                  dataBANK0    000080
__pdataCOMRAM                                 dataCOMRAM   00007A
__pidataBANK0                                 idataBANK0   002300
__pidataCOMRAM                                idataCOMRAM  002404
__pintcode                                    intcode      000008
__pintcode_body                               intcode_body 0014C6
__psmallconst                                 smallconst   001000
__ptext0                                      text0        002030
__ptext1                                      text1        00242C
__ptext10                                     text10       0020D8
__ptext11                                     text11       001C46
__ptext12                                     text12       001F2A
__ptext13                                     text13       0018AC
__ptext14                                     text14       001006
__ptext16                                     text16       0023D2
__ptext17                                     text17       0023F6
__ptext18                                     text18       0023DE
__ptext19                                     text19       0023EA
__ptext2                                      text2        00232E
__ptext20                                     text20       002408
__ptext21                                     text21       00236A
__ptext22                                     text22       002384
__ptext23                                     text23       00239E
__ptext24                                     text24       0023B8
__ptext25                                     text25       00240C
__ptext26                                     text26       002410
__ptext27                                     text27       002414
__ptext28                                     text28       002418
__ptext29                                     text29       00241C
__ptext3                                      text3        002172
__ptext30                                     text30       00242E
__ptext31                                     text31       002420
__ptext32                                     text32       002424
__ptext33                                     text33       002428
__ptext4                                      text4        002280
__ptext5                                      text5        0022C0
__ptext6                                      text6        001DFA
__ptext7                                      text7        0023FE
__ptext8                                      text8        00223C
__ptext9                                      text9        002350
__ramtop                                      ramtop       001000
__smallconst                                  smallconst   001000
_application_intialize                        text1        00242C
_button_matrics                               dataBANK0    000080
_i2c_obj                                      bssBANK0     0000CA
_lat_registers                                dataBANK0    00009A
_main                                         text0        002030
_master_rec_data                              bssCOMRAM    000070
_port_registers                               dataBANK0    000090
_slave_ack                                    bssCOMRAM    000079
_timer0_preload                               bssCOMRAM    00004E
_timer1_preload                               bssCOMRAM    00004C
_timer2_preload                               bssCOMRAM    000071
_timer3_preload                               bssCOMRAM    00004A
_tris_registers                               dataBANK0    0000A4
btemp                                         temp         00007E
end_of_initialization                         cinit        002232
int$flags                                     temp         00007E
int_func                                      intcode_body 0014C6
intlevel0                                     text         000000
intlevel1                                     text         000000
intlevel2                                     text         000000
intlevel3                                     text         000000
isa$std                                       (abs)        000001
isa$xinst                                     (abs)        000000
led_initialize@F3059                          bssCOMRAM    000078
led_turn_off@F3071                            bssCOMRAM    000076
led_turn_on@F3065                             bssCOMRAM    000077
led_turn_toggle@F3077                         bssCOMRAM    000075
relay_initialize@F3053                        bssCOMRAM    000074
relay_turn_off@F3065                          bssCOMRAM    000072
relay_turn_on@F3059                           bssCOMRAM    000073
stackhi                                       (abs)        000000
stacklo                                       (abs)        000000
start                                         init         00000E
start_initialization                          cinit        0021DA
ttemp5                                        temp         00007F
ttemp6                                        temp         000082
ttemp7                                        temp         000086
wtemp8                                        temp         00007F


MODULE INFORMATION

Module		Function		Class		Link	Load	Size
MCAL_Layer/mssp_i2c_m/hal_mssp_i2c_m.c
		_MSSP_I2C_Init 		CODE           	1DFA	0000	304
		_MSSP_I2C_Master_Send_Stop		CODE           	2280	0000	64
		_MSSP_I2C_Master_Send_Start		CODE           	22C0	0000	64
		_MSSP_I2C_Interrupt_Configurations		CODE           	223C	0000	68
		_MSSP_I2C_BC_ISR		CODE           	240C	0000	4
		_I2C_Slave_Mode_Configurations		CODE           	2350	0000	26
		_I2C_Master_Mode_Clock_Configurations		CODE           	20D8	0000	154
		_MSSP_I2C_Mode_GPIO_CFG		CODE           	23FE	0000	6
		_MSSP_I2C_Master_Write_Blocking		CODE           	2172	0000	104

MCAL_Layer/mssp_i2c_m/hal_mssp_i2c_m.c estimated size: 794

C:\Program Files\Microchip\xc8\v2.45\pic\sources\c99\common\sprcdiv.c
		___fldiv       		CODE           	18AC	0000	922

C:\Program Files\Microchip\xc8\v2.45\pic\sources\c99\common\sprcdiv.c estimated size: 922

MCAL_Layer/Timers/hal_timer0.c
		_TMR0_ISR      		CODE           	23EA	0000	12

MCAL_Layer/Timers/hal_timer0.c estimated size: 12

shared
		__initialization		CODE           	21DA	0000	88

shared estimated size: 88

C:\Program Files\Microchip\xc8\v2.45\pic\sources\c99\common\xxtofl.c
		___xxtofl      		CODE           	1C46	0000	436

C:\Program Files\Microchip\xc8\v2.45\pic\sources\c99\common\xxtofl.c estimated size: 436

MCAL_Layer/Interrupt/mcal_external_interrupt.c
		_RB4_ISR       		CODE           	23B8	0000	26
		_RB5_ISR       		CODE           	239E	0000	26
		_RB6_ISR       		CODE           	2384	0000	26
		_RB7_ISR       		CODE           	236A	0000	26
		_INT0_ISR      		CODE           	2418	0000	4
		_INT1_ISR      		CODE           	2414	0000	4
		_INT2_ISR      		CODE           	2410	0000	4

MCAL_Layer/Interrupt/mcal_external_interrupt.c estimated size: 116

MCAL_Layer/ADC/hal_adc.c
		_ADC_ISR       		CODE           	2428	0000	4

MCAL_Layer/ADC/hal_adc.c estimated size: 4

MCAL_Layer/Interrupt/mcal_interrupt_manager.c
		_InterruptManager		CODE           	0008	0000	1004

MCAL_Layer/Interrupt/mcal_interrupt_manager.c estimated size: 1004

MCAL_Layer/USART/hal_usart.c
		_EUSART_RX_ISR 		CODE           	242E	0000	2
		_EUSART_TX_ISR 		CODE           	241C	0000	4

MCAL_Layer/USART/hal_usart.c estimated size: 6

C:\Program Files\Microchip\xc8\v2.45\pic\sources\c99\common\sprcadd.c
		___fladd       		CODE           	1006	0000	1216

C:\Program Files\Microchip\xc8\v2.45\pic\sources\c99\common\sprcadd.c estimated size: 1216

MCAL_Layer/MSSP_SPI/hal_mssp_spi.c
		_SPI_ISR       		CODE           	2408	0000	4

MCAL_Layer/MSSP_SPI/hal_mssp_spi.c estimated size: 4

application.c
		_main          		CODE           	2030	0000	168
		_application_intialize		CODE           	242C	0000	2
		_MSSP_I2C_Send_1_Byte		CODE           	232E	0000	34

application.c estimated size: 204

MCAL_Layer/Timer3/hal_timer3.c
		_TMR3_ISR      		CODE           	23D2	0000	12

MCAL_Layer/Timer3/hal_timer3.c estimated size: 12

MCAL_Layer/Timer2/hal_timer2.c
		_TMR2_ISR      		CODE           	23F6	0000	8

MCAL_Layer/Timer2/hal_timer2.c estimated size: 8

MCAL_Layer/Timer1/hal_timer1.c
		_TMR1_ISR      		CODE           	23DE	0000	12

MCAL_Layer/Timer1/hal_timer1.c estimated size: 12

C:\Program Files\Microchip\xc8\v2.45\pic\sources\c99\common\fltol.c
		___fltol       		CODE           	1F2A	0000	262

C:\Program Files\Microchip\xc8\v2.45\pic\sources\c99\common\fltol.c estimated size: 262

MCAL_Layer/CCP/hal_ccp.c
		_CCP1_ISR      		CODE           	2424	0000	4
		_CCP2_ISR      		CODE           	2420	0000	4

MCAL_Layer/CCP/hal_ccp.c estimated size: 8

