Microchip MPLAB XC8 Compiler V2.45

Linker command line:

-W-3 \
  --edf=C:\Program Files\Microchip\xc8\v2.45\pic\dat\20230818022343_en.msgs \
  -cn -h+dist/default/production\SmartHome_SlaveMCU.X.production.sym \
  --cmf=dist/default/production\SmartHome_SlaveMCU.X.production.cmf -z \
  -Q18F46K20 -oC:\Users\aliel\AppData\Local\Temp\xcAsi3k.\driver_tmp_3.o \
  --defsym=__MPLAB_BUILD=1 --fixupoverflow=error \
  -Mdist/default/production/SmartHome_SlaveMCU.X.production.map \
  --md=C:\Users\aliel\AppData\Local\Temp\xcAsi3k.\driver_tmp_0.dat -E1 \
  -ver=XC8 Compiler --acfsm=1493 -ACODE=00h-0FFFFh -ACONST=00h-0FFFFh \
  -ASMALLCONST=01000h-010FFhx240 -AMEDIUMCONST=01000h-0FFFFh \
  -ACOMRAM=01h-05Fh -AABS1=00h-0F5Fh -ABIGRAM=01h-0F5Fh \
  -ARAM=060h-0FFh,0100h-01FFhx14,0F00h-0F5Fh -ABANK0=060h-0FFh \
  -ABANK1=0100h-01FFh -ABANK2=0200h-02FFh -ABANK3=0300h-03FFh \
  -ABANK4=0400h-04FFh -ABANK5=0500h-05FFh -ABANK6=0600h-06FFh \
  -ABANK7=0700h-07FFh -ABANK8=0800h-08FFh -ABANK9=0900h-09FFh \
  -ABANK10=0A00h-0AFFh -ABANK11=0B00h-0BFFh -ABANK12=0C00h-0CFFh \
  -ABANK13=0D00h-0DFFh -ABANK14=0E00h-0EFFh -ABANK15=0F00h-0F5Fh \
  -ASFR=0F60h-0FFFh -ABIGSFR=0F60h-0FFFh -ACONFIG=0300000h-030000Dh \
  -AIDLOC=0200000h-0200007h -AEEDATA=0F00000h-0F003FFh -peeprom_data=EEDATA \
  -preset_vec=00h,intcode=08h,intcodelo,powerup,init -pramtop=01000h \
  -psmallconst=SMALLCONST -pmediumconst=MEDIUMCONST -pconst=CONST \
  -AFARRAM=00h-00h \
  -prdata=COMRAM,nvrram=COMRAM,nvbit=COMRAM,rbss=COMRAM,rbit=COMRAM \
  -pfarbss=FARRAM,fardata=FARRAM,nvFARRAM=FARRAM \
  -pintsave_regs=BIGRAM,bigbss=BIGRAM,bigdata=BIGRAM -pbss=RAM \
  -pidata=CODE,irdata=CODE,ibigdata=CODE,ifardata=CODE -prparam=COMRAM \
  C:\Users\aliel\AppData\Local\Temp\xcAsi3k.\driver_tmp_9.o \
  dist/default/production\SmartHome_SlaveMCU.X.production.o 

Object code version is 3.11

Machine type is 18F46K20



                Name                               Link     Load   Length Selector   Space Scale
C:\Users\aliel\AppData\Local\Temp\xcAsi3k.\driver_tmp_9.o
                config                           300000   300000        E        0       4
                init                                 86       86        4        4       0
                reset_vec                             0        0        4        0       0
dist/default/production\SmartHome_SlaveMCU.X.production.o
                intcode                               8        8       7E        4       0
                config                           300000   300000        E        0       4
                temp                                 16       16        1        1       1
                smallconst                         1000     1000        2      800       0
                text21                             128E     128E        4      801       0
                text20                             127A     127A        8      801       0
                text19                             118A     118A       2E      801       0
                text18                             128A     128A        4      801       0
                text17                             1222     1222       14      801       0
                text16                             120E     120E       14      801       0
                text15                             11FA     11FA       14      801       0
                text14                             11E6     11E6       14      801       0
                text13                             1272     1272        8      801       0
                text12                             115C     115C       2E      801       0
                text11                             1286     1286        4      801       0
                text10                             126A     126A        8      801       0
                text9                              1262     1262        8      801       0
                text8                              112E     112E       2E      801       0
                text7                              1002     1002       FC      801       0
                text5                              1248     1248       10      801       0
                text4                              1282     1282        4      801       0
                text3                              1258     1258        A      801       0
                text2                              10FE     10FE       30      801       0
                text1                              1236     1236       12      801       0
                text0                              11D2     11D2       14      801       0
                cstackCOMRAM                         11       11        5        1       1
                bssCOMRAM                             1        1       10        1       1
                cinit                              11B8     11B8       1A      801       0

TOTAL           Name                               Link     Load   Length     Space
        CLASS   CODE           
                intcode                               8        8       7E         0
                init                                 86       86        4         0
                reset_vec                             0        0        4         0
                text21                             128E     128E        4         0
                text20                             127A     127A        8         0
                text19                             118A     118A       2E         0
                text18                             128A     128A        4         0
                text17                             1222     1222       14         0
                text16                             120E     120E       14         0
                text15                             11FA     11FA       14         0
                text14                             11E6     11E6       14         0
                text13                             1272     1272        8         0
                text12                             115C     115C       2E         0
                text11                             1286     1286        4         0
                text10                             126A     126A        8         0
                text9                              1262     1262        8         0
                text8                              112E     112E       2E         0
                text7                              1002     1002       FC         0
                text5                              1248     1248       10         0
                text4                              1282     1282        4         0
                text3                              1258     1258        A         0
                text2                              10FE     10FE       30         0
                text1                              1236     1236       12         0
                text0                              11D2     11D2       14         0
                cinit                              11B8     11B8       1A         0

        CLASS   CONST          

        CLASS   SMALLCONST     
                smallconst                         1000     1000        2         0

        CLASS   MEDIUMCONST    

        CLASS   COMRAM         
                temp                                 16       16        1         1
                cstackCOMRAM                         11       11        5         1
                bssCOMRAM                             1        1       10         1

        CLASS   ABS1           

        CLASS   BIGRAM         

        CLASS   RAM            

        CLASS   BANK0          

        CLASS   BANK1          

        CLASS   BANK2          

        CLASS   BANK3          

        CLASS   BANK4          

        CLASS   BANK5          

        CLASS   BANK6          

        CLASS   BANK7          

        CLASS   BANK8          

        CLASS   BANK9          

        CLASS   BANK10         

        CLASS   BANK11         

        CLASS   BANK12         

        CLASS   BANK13         

        CLASS   BANK14         

        CLASS   BANK15         

        CLASS   SFR            

        CLASS   BIGSFR         

        CLASS   CONFIG         
                config                           300000   300000        E         4

        CLASS   IDLOC          

        CLASS   EEDATA         

        CLASS   FARRAM         

        CLASS   HEAP           

        CLASS   STACK          



SEGMENTS        Name                           Load    Length   Top    Selector   Space  Class

                reset_vec                      000000  000004  000004         0       0  CODE    
                bssCOMRAM                      000001  000016  000017         1       1  COMRAM  
                intcode                        000008  000082  00008A         4       0  CODE    
                smallconst                     001000  000002  001002       800       0  SMALLCON
                text7                          001002  000290  001292       801       0  CODE    


UNUSED ADDRESS RANGES

        Name                Unused          Largest block    Delta
        BANK0            000060-0000FF               A0
        BANK1            000100-0001FF              100
        BANK10           000A00-000AFF              100
        BANK11           000B00-000BFF              100
        BANK12           000C00-000CFF              100
        BANK13           000D00-000DFF              100
        BANK14           000E00-000EFF              100
        BANK15           000F00-000F5F               60
        BANK2            000200-0002FF              100
        BANK3            000300-0003FF              100
        BANK4            000400-0004FF              100
        BANK5            000500-0005FF              100
        BANK6            000600-0006FF              100
        BANK7            000700-0007FF              100
        BANK8            000800-0008FF              100
        BANK9            000900-0009FF              100
        BIGRAM           000017-000F5F              F49
        BIGSFR           000F60-000FFF               A0
        CODE             000004-000007                4
                         00008A-000FFF              F76
                         001292-00FFFF             ED6E
        COMRAM           000017-00005F               49
        CONST            000004-000007                4
                         00008A-000FFF              F76
                         001292-00FFFF             ED6E
        EEDATA           F00000-F003FF              400
        IDLOC            200000-200007                8
        MEDIUMCONST      001292-00FFFF             ED6E
        RAM              000060-000F5F              100
        SFR              000F60-000FFF               A0
        SMALLCONST       001292-00FFFF              100

                                  Symbol Table

I2C_SlaveSendTxData@data                  cstackCOMRAM 000011
_ANSEL                                    (abs)        000F7E
_ANSELH                                   (abs)        000F7F
_I2C_Initialize                           text5        001248
_I2C_Isr                                  text7        001002
_I2C_SlaveAddrCallBack                    text19       00118A
_I2C_SlaveAddrInterruptHandler            bssCOMRAM    000005
_I2C_SlaveBusColInterruptHandler          bssCOMRAM    000003
_I2C_SlaveClearIrq                        text18       00128A
_I2C_SlaveDefAddrInterruptHandler         text20       00127A
_I2C_SlaveDefBusColInterruptHandler       (abs)        000000
_I2C_SlaveDefRdInterruptHandler           text13       001272
_I2C_SlaveDefWrColInterruptHandler        (abs)        000000
_I2C_SlaveDefWrInterruptHandler           text9        001262
_I2C_SlaveGetRxData                       text21       00128E
_I2C_SlaveIsAddr                          text17       001222
_I2C_SlaveIsRead                          text16       00120E
_I2C_SlaveIsRxBufFull                     text15       0011FA
_I2C_SlaveIsTxBufEmpty                    text14       0011E6
_I2C_SlaveRdCallBack                      text12       00115C
_I2C_SlaveRdInterruptHandler              bssCOMRAM    000009
_I2C_SlaveReleaseClock                    text11       001286
_I2C_SlaveSendTxData                      text10       00126A
_I2C_SlaveWrCallBack                      text8        00112E
_I2C_SlaveWrColInterruptHandler           bssCOMRAM    000001
_I2C_SlaveWrInterruptHandler              bssCOMRAM    000007
_INTCON2bits                              (abs)        000FF1
_INTCONbits                               (abs)        000FF2
_INTERRUPT_Initialize                     text4        001282
_INTERRUPT_InterruptManager               intcode      000008
_LATA                                     (abs)        000F89
_LATB                                     (abs)        000F8A
_LATC                                     (abs)        000F8B
_LATCbits                                 (abs)        000F8B
_LATD                                     (abs)        000F8C
_LATE                                     (abs)        000F8D
_MSSP_InterruptHandler                    bssCOMRAM    00000B
_OSCCON                                   (abs)        000FD3
_OSCILLATOR_Initialize                    text3        001258
_OSCTUNE                                  (abs)        000F9B
_PIE1bits                                 (abs)        000F9D
_PIE2bits                                 (abs)        000FA0
_PIN_MANAGER_Initialize                   text2        0010FE
_PIR1bits                                 (abs)        000F9E
_PIR2bits                                 (abs)        000FA1
_RCONbits                                 (abs)        000FD0
_SSPADD                                   (abs)        000FC8
_SSPBUF                                   (abs)        000FC9
_SSPCON1                                  (abs)        000FC6
_SSPCON1bits                              (abs)        000FC6
_SSPCON2                                  (abs)        000FC5
_SSPCON2bits                              (abs)        000FC5
_SSPMSK                                   (abs)        000F77
_SSPSTAT                                  (abs)        000FC7
_SSPSTATbits                              (abs)        000FC7
_SYSTEM_Initialize                        text1        001236
_TRISA                                    (abs)        000F92
_TRISB                                    (abs)        000F93
_TRISC                                    (abs)        000F94
_TRISD                                    (abs)        000F95
_TRISE                                    (abs)        000F96
_WPUB                                     (abs)        000F7C
__HRAM                                    (abs)        000000
__H__absolute__                           __absolute__ 000000
__Habs1                                   abs1         000000
__Hbank0                                  bank0        000000
__Hbank1                                  bank1        000000
__Hbank10                                 bank10       000000
__Hbank11                                 bank11       000000
__Hbank12                                 bank12       000000
__Hbank13                                 bank13       000000
__Hbank14                                 bank14       000000
__Hbank15                                 bank15       000000
__Hbank2                                  bank2        000000
__Hbank3                                  bank3        000000
__Hbank4                                  bank4        000000
__Hbank5                                  bank5        000000
__Hbank6                                  bank6        000000
__Hbank7                                  bank7        000000
__Hbank8                                  bank8        000000
__Hbank9                                  bank9        000000
__Hbigbss                                 bigbss       000000
__Hbigdata                                bigdata      000000
__Hbigram                                 bigram       000000
__Hbigsfr                                 bigsfr       000000
__Hbss                                    bss          000000
__HbssCOMRAM                              bssCOMRAM    000000
__Hcinit                                  cinit        000000
__Hclrtext                                clrtext      000000
__Hcomram                                 comram       000000
__Hconfig                                 config       30000E
__Hconst                                  const        000000
__HcstackCOMRAM                           cstackCOMRAM 000000
__Hdata                                   data         000000
__Heeprom_data                            eeprom_data  000000
__Hfarbss                                 farbss       000000
__Hfardata                                fardata      000000
__Hheap                                   heap         000000
__Hibigdata                               ibigdata     000000
__Hidata                                  idata        000000
__Hidloc                                  idloc        000000
__Hifardata                               ifardata     000000
__Hinit                                   init         00008A
__Hintcode                                intcode      000086
__Hintcode_body                           intcode_body 000000
__Hintcodelo                              intcodelo    000086
__Hintentry                               intentry     000000
__Hintret                                 intret       000000
__Hintsave_regs                           intsave_regs 000000
__Hirdata                                 irdata       000000
__Hmediumconst                            mediumconst  000000
__HnvFARRAM                               nvFARRAM     000000
__Hnvbit                                  nvbit        000000
__Hnvrram                                 nvrram       000000
__Hparam                                  rparam       000000
__Hpowerup                                powerup      000086
__Hram                                    ram          000000
__Hramtop                                 ramtop       001000
__Hrbit                                   rbit         000000
__Hrbss                                   rbss         000000
__Hrdata                                  rdata        000000
__Hreset_vec                              reset_vec    000004
__Hrparam                                 rparam       000000
__Hsfr                                    sfr          000000
__Hsmallconst                             smallconst   001002
__Hspace_0                                (abs)        001292
__Hspace_1                                (abs)        000017
__Hspace_2                                (abs)        000000
__Hspace_4                                (abs)        60000E
__Hstack                                  stack        000000
__Hstruct                                 struct       000000
__Htemp                                   temp         000017
__Htext                                   text         000000
__Htext0                                  text0        000000
__Htext1                                  text1        000000
__Htext10                                 text10       000000
__Htext11                                 text11       000000
__Htext12                                 text12       000000
__Htext13                                 text13       000000
__Htext14                                 text14       000000
__Htext15                                 text15       000000
__Htext16                                 text16       000000
__Htext17                                 text17       000000
__Htext18                                 text18       000000
__Htext19                                 text19       000000
__Htext2                                  text2        000000
__Htext20                                 text20       000000
__Htext21                                 text21       000000
__Htext22                                 text22       000000
__Htext3                                  text3        000000
__Htext4                                  text4        000000
__Htext5                                  text5        000000
__Htext7                                  text7        000000
__Htext8                                  text8        000000
__Htext9                                  text9        000000
__LRAM                                    (abs)        000001
__L__absolute__                           __absolute__ 000000
__Labs1                                   abs1         000000
__Lbank0                                  bank0        000000
__Lbank1                                  bank1        000000
__Lbank10                                 bank10       000000
__Lbank11                                 bank11       000000
__Lbank12                                 bank12       000000
__Lbank13                                 bank13       000000
__Lbank14                                 bank14       000000
__Lbank15                                 bank15       000000
__Lbank2                                  bank2        000000
__Lbank3                                  bank3        000000
__Lbank4                                  bank4        000000
__Lbank5                                  bank5        000000
__Lbank6                                  bank6        000000
__Lbank7                                  bank7        000000
__Lbank8                                  bank8        000000
__Lbank9                                  bank9        000000
__Lbigbss                                 bigbss       000000
__Lbigdata                                bigdata      000000
__Lbigram                                 bigram       000000
__Lbigsfr                                 bigsfr       000000
__Lbss                                    bss          000000
__LbssCOMRAM                              bssCOMRAM    000000
__Lcinit                                  cinit        000000
__Lclrtext                                clrtext      000000
__Lcomram                                 comram       000000
__Lconfig                                 config       000000
__Lconst                                  const        000000
__LcstackCOMRAM                           cstackCOMRAM 000000
__Ldata                                   data         000000
__Leeprom_data                            eeprom_data  000000
__Lfarbss                                 farbss       000000
__Lfardata                                fardata      000000
__Lheap                                   heap         000000
__Libigdata                               ibigdata     000000
__Lidata                                  idata        000000
__Lidloc                                  idloc        000000
__Lifardata                               ifardata     000000
__Linit                                   init         000086
__Lintcode                                intcode      000008
__Lintcode_body                           intcode_body 000000
__Lintcodelo                              intcodelo    000086
__Lintentry                               intentry     000000
__Lintret                                 intret       000000
__Lintsave_regs                           intsave_regs 000000
__Lirdata                                 irdata       000000
__Lmediumconst                            mediumconst  000000
__LnvFARRAM                               nvFARRAM     000000
__Lnvbit                                  nvbit        000000
__Lnvrram                                 nvrram       000000
__Lparam                                  rparam       000000
__Lpowerup                                powerup      000086
__Lram                                    ram          000000
__Lramtop                                 ramtop       001000
__Lrbit                                   rbit         000000
__Lrbss                                   rbss         000000
__Lrdata                                  rdata        000000
__Lreset_vec                              reset_vec    000000
__Lrparam                                 rparam       000000
__Lsfr                                    sfr          000000
__Lsmallconst                             smallconst   001000
__Lspace_0                                (abs)        000000
__Lspace_1                                (abs)        000000
__Lspace_2                                (abs)        000000
__Lspace_4                                (abs)        000000
__Lstack                                  stack        000000
__Lstruct                                 struct       000000
__Ltemp                                   temp         000016
__Ltext                                   text         000000
__Ltext0                                  text0        000000
__Ltext1                                  text1        000000
__Ltext10                                 text10       000000
__Ltext11                                 text11       000000
__Ltext12                                 text12       000000
__Ltext13                                 text13       000000
__Ltext14                                 text14       000000
__Ltext15                                 text15       000000
__Ltext16                                 text16       000000
__Ltext17                                 text17       000000
__Ltext18                                 text18       000000
__Ltext19                                 text19       000000
__Ltext2                                  text2        000000
__Ltext20                                 text20       000000
__Ltext21                                 text21       000000
__Ltext22                                 text22       000000
__Ltext3                                  text3        000000
__Ltext4                                  text4        000000
__Ltext5                                  text5        000000
__Ltext7                                  text7        000000
__Ltext8                                  text8        000000
__Ltext9                                  text9        000000
__S0                                      (abs)        001292
__S1                                      (abs)        000017
__S4                                      (abs)        000000
__S5                                      (abs)        000000
___heap_hi                                (abs)        000000
___heap_lo                                (abs)        000000
___inthi_sp                               stack        000000
___inthi_stack_hi                         stack        000000
___inthi_stack_lo                         stack        000000
___intlo_sp                               stack        000000
___intlo_stack_hi                         stack        000000
___intlo_stack_lo                         stack        000000
___param_bank                             (abs)        000000
___rparam_used                            (abs)        000001
___sp                                     stack        000000
___stack_hi                               stack        000000
___stack_lo                               stack        000000
__accesstop                               (abs)        000060
__activetblptr                            (abs)        000002
__end_of_I2C_Initialize                   text5        001258
__end_of_I2C_Isr                          text7        0010FE
__end_of_I2C_SlaveAddrCallBack            text19       0011B8
__end_of_I2C_SlaveClearIrq                text18       00128E
__end_of_I2C_SlaveDefAddrInterruptHandler text20       001282
__end_of_I2C_SlaveDefRdInterruptHandler   text13       00127A
__end_of_I2C_SlaveDefWrInterruptHandler   text9        00126A
__end_of_I2C_SlaveGetRxData               text21       001292
__end_of_I2C_SlaveIsAddr                  text17       001236
__end_of_I2C_SlaveIsRead                  text16       001222
__end_of_I2C_SlaveIsRxBufFull             text15       00120E
__end_of_I2C_SlaveIsTxBufEmpty            text14       0011FA
__end_of_I2C_SlaveRdCallBack              text12       00118A
__end_of_I2C_SlaveReleaseClock            text11       00128A
__end_of_I2C_SlaveSendTxData              text10       001272
__end_of_I2C_SlaveWrCallBack              text8        00115C
__end_of_INTERRUPT_Initialize             text4        001286
__end_of_INTERRUPT_InterruptManager       intcode      000086
__end_of_OSCILLATOR_Initialize            text3        001262
__end_of_PIN_MANAGER_Initialize           text2        00112E
__end_of_SYSTEM_Initialize                text1        001248
__end_of__initialization                  cinit        0011C4
__end_of_main                             text0        0011E6
__initialization                          cinit        0011B8
__mediumconst                             mediumconst  000000
__pbssCOMRAM                              bssCOMRAM    000001
__pcinit                                  cinit        0011B8
__pcstackCOMRAM                           cstackCOMRAM 000011
__pintcode                                intcode      000008
__psmallconst                             smallconst   001000
__ptext0                                  text0        0011D2
__ptext1                                  text1        001236
__ptext10                                 text10       00126A
__ptext11                                 text11       001286
__ptext12                                 text12       00115C
__ptext13                                 text13       001272
__ptext14                                 text14       0011E6
__ptext15                                 text15       0011FA
__ptext16                                 text16       00120E
__ptext17                                 text17       001222
__ptext18                                 text18       00128A
__ptext19                                 text19       00118A
__ptext2                                  text2        0010FE
__ptext20                                 text20       00127A
__ptext21                                 text21       00128E
__ptext22                                 text22       000000
__ptext3                                  text3        001258
__ptext4                                  text4        001282
__ptext5                                  text5        001248
__ptext7                                  text7        001002
__ptext8                                  text8        00112E
__ptext9                                  text9        001262
__ramtop                                  ramtop       001000
__smallconst                              smallconst   001000
_i2cRdData                                bssCOMRAM    00000F
_i2cSlaveAddr                             bssCOMRAM    00000E
_i2cSlaveState                            bssCOMRAM    00000D
_i2cWrData                                bssCOMRAM    000010
_main                                     text0        0011D2
btemp                                     temp         000016
end_of_initialization                     cinit        0011C4
int$flags                                 temp         000016
intlevel0                                 text         000000
intlevel1                                 text         000000
intlevel2                                 text         000000
intlevel3                                 text         000000
isa$std                                   (abs)        000001
isa$xinst                                 (abs)        000000
stackhi                                   (abs)        000000
stacklo                                   (abs)        000000
start                                     init         000086
start_initialization                      cinit        0011B8
ttemp5                                    temp         000017
ttemp6                                    temp         00001A
ttemp7                                    temp         00001E
wtemp8                                    temp         000017


MODULE INFORMATION

Module		Function		Class		Link	Load	Size
mcc_generated_files/i2c_slave.c
		_I2C_SlaveDefRdInterruptHandler		CODE           	1272	0000	8
		_I2C_SlaveDefWrInterruptHandler		CODE           	1262	0000	8
		_I2C_SlaveIsRxBufFull		CODE           	11FA	0000	20
		_I2C_SlaveClearIrq		CODE           	128A	0000	4
		_I2C_SlaveGetRxData		CODE           	128E	0000	4
		_I2C_Isr       		CODE           	1002	0000	252
		_I2C_SlaveDefAddrInterruptHandler		CODE           	127A	0000	8
		_I2C_SlaveIsRead		CODE           	120E	0000	20
		_I2C_SlaveIsAddr		CODE           	1222	0000	20
		_I2C_SlaveSendTxData		CODE           	126A	0000	8
		_I2C_SlaveRdCallBack		CODE           	115C	0000	46
		_I2C_SlaveWrCallBack		CODE           	112E	0000	46
		_I2C_SlaveAddrCallBack		CODE           	118A	0000	46
		_I2C_Initialize		CODE           	1248	0000	16
		_I2C_SlaveIsTxBufEmpty		CODE           	11E6	0000	20
		_I2C_SlaveReleaseClock		CODE           	1286	0000	4

mcc_generated_files/i2c_slave.c estimated size: 530

mcc_generated_files/interrupt_manager.c
		_INTERRUPT_Initialize		CODE           	1282	0000	4
		_INTERRUPT_InterruptManager		CODE           	0008	0000	126

mcc_generated_files/interrupt_manager.c estimated size: 130

mcc_generated_files/pin_manager.c
		_PIN_MANAGER_Initialize		CODE           	10FE	0000	48

mcc_generated_files/pin_manager.c estimated size: 48

shared
		__initialization		CODE           	11B8	0000	12

shared estimated size: 12

mcc_generated_files/mcc.c
		_OSCILLATOR_Initialize		CODE           	1258	0000	10
		_SYSTEM_Initialize		CODE           	1236	0000	18

mcc_generated_files/mcc.c estimated size: 28

main.c
		_main          		CODE           	11D2	0000	20

main.c estimated size: 20

