Microchip MPLAB XC8 Compiler V2.45

Linker command line:

-W-3 \
  --edf=C:\Program Files\Microchip\xc8\v2.45\pic\dat\20230818022343_en.msgs \
  -cn -h+dist/default/debug\SmartHome.X.debug.sym \
  --cmf=dist/default/debug\SmartHome.X.debug.cmf -z -Q18F46K20 \
  -oC:\Users\aliel\AppData\Local\Temp\xcAs6fs.\driver_tmp_3.o \
  --defsym=__MPLAB_BUILD=1 --fixupoverflow=error \
  -Mdist/default/debug/SmartHome.X.debug.map \
  --md=C:\Users\aliel\AppData\Local\Temp\xcAs6fs.\driver_tmp_0.dat -E1 \
  -ver=XC8 Compiler --acfsm=1493 -ACODE=00h-0FFFFh -ACONST=00h-0FFFFh \
  -ASMALLCONST=01000h-010FFhx240 -AMEDIUMCONST=01000h-0FFFFh \
  -ACOMRAM=01h-05Fh -AABS1=00h-0F5Fh -ABIGRAM=01h-0F5Fh \
  -ARAM=060h-0FFh,0100h-01FFhx14,0F00h-0F5Fh -ABANK0=060h-0FFh \
  -ABANK1=0100h-01FFh -ABANK2=0200h-02FFh -ABANK3=0300h-03FFh \
  -ABANK4=0400h-04FFh -ABANK5=0500h-05FFh -ABANK6=0600h-06FFh \
  -ABANK7=0700h-07FFh -ABANK8=0800h-08FFh -ABANK9=0900h-09FFh \
  -ABANK10=0A00h-0AFFh -ABANK11=0B00h-0BFFh -ABANK12=0C00h-0CFFh \
  -ABANK13=0D00h-0DFFh -ABANK14=0E00h-0EFFh -ABANK15=0F00h-0F5Fh \
  -ASFR=0F60h-0FFFh -ABIGSFR=0F60h-0FFFh -ACONFIG=0300000h-030000Dh \
  -AIDLOC=0200000h-0200007h -AEEDATA=0F00000h-0F003FFh -peeprom_data=EEDATA \
  -preset_vec=00h,intcode=08h,intcodelo,powerup,init -pramtop=01000h \
  -psmallconst=SMALLCONST -pmediumconst=MEDIUMCONST -pconst=CONST \
  -AFARRAM=00h-00h \
  -prdata=COMRAM,nvrram=COMRAM,nvbit=COMRAM,rbss=COMRAM,rbit=COMRAM \
  -pfarbss=FARRAM,fardata=FARRAM,nvFARRAM=FARRAM \
  -pintsave_regs=BIGRAM,bigbss=BIGRAM,bigdata=BIGRAM -pbss=RAM \
  -pidata=CODE,irdata=CODE,ibigdata=CODE,ifardata=CODE -prparam=COMRAM \
  C:\Users\aliel\AppData\Local\Temp\xcAs6fs.\driver_tmp_9.o \
  dist/default/debug\SmartHome.X.debug.o 

Object code version is 3.11

Machine type is 18F46K20



                Name                               Link     Load   Length Selector   Space Scale
C:\Users\aliel\AppData\Local\Temp\xcAs6fs.\driver_tmp_9.o
                config                           300000   300000        E        0       4
                init                                 C4       C4        4        4       0
                reset_vec                             0        0        4        0       0
dist/default/debug\SmartHome.X.debug.o
                intcode                               8        8       BC        4       0
                config                           300000   300000        E        0       4
                temp                                 4E       4E        1        1       1
                smallconst                         1000     1000       2A      800       0
                text66                             196A     196A        4      815       0
                text65                             1966     1966        4      815       0
                text64                             17B2     17B2       22      815       0
                text63                             146A     146A       66      815       0
                text62                             181C     181C       18      815       0
                text61                             1720     1720       2C      815       0
                text60                             16F4     16F4       2C      815       0
                text59                             16C8     16C8       2C      815       0
                text58                             169C     169C       2C      815       0
                text57                             15BC     15BC       42      815       0
                text56                             1962     1962        4      815       0
                text55                             195E     195E        4      815       0
                text54                             195A     195A        4      815       0
                text53                             1930     1930        6      815       0
                text52                             1956     1956        4      815       0
                text51                             192A     192A        6      815       0
                text50                             191C     191C        8      815       0
                text49                             185E     185E       14      815       0
                text48                             1952     1952        4      815       0
                text47                             12AC     12AC       7A      815       0
                text46                             18D2     18D2        A      815       0
                text45                             1872     1872        E      815       0
                text44                             1880     1880        C      815       0
                text43                             102A     102A       BE      815       0
                text42                             10E8     10E8       A4      815       0
                text41                             18C8     18C8        A      815       0
                text40                             1914     1914        8      815       0
                text39                             190C     190C        8      815       0
                text38                             1904     1904        8      815       0
                text37                             18FC     18FC        8      815       0
                text36                             18F4     18F4        8      815       0
                text35                             18EC     18EC        8      815       0
                text34                             18E4     18E4        8      815       0
                text33                             18BE     18BE        A      815       0
                text32                             14D0     14D0       64      815       0
                text31                             194E     194E        4      815       0
                text30                             1404     1404       66      815       0
                text29                             1924     1924        6      815       0
                text27                             194A     194A        4      815       0
                text26                             1946     1946        4      815       0
                text25                             1942     1942        4      815       0
                text24                             166E     166E       2E      815       0
                text23                             193E     193E        4      815       0
                text22                             1578     1578       44      815       0
                text21                             18DC     18DC        8      815       0
                text20                             193A     193A        4      815       0
                text19                             1790     1790       22      815       0
                text18                             18B4     18B4        A      815       0
                text17                             118C     118C       A2      815       0
                text16                             139A     139A       6A      815       0
                text15                             1804     1804       18      815       0
                text14                             176E     176E       22      815       0
                text13                             17EC     17EC       18      815       0
                text12                             1326     1326       74      815       0
                text11                             18AA     18AA        A      815       0
                text10                             18A0     18A0        A      815       0
                text9                              1896     1896        A      815       0
                text8                              1534     1534       44      815       0
                text7                              184A     184A       14      815       0
                text6                              1936     1936        4      815       0
                text5                              188C     188C        A      815       0
                text4                              163E     163E       30      815       0
                text3                              1834     1834       16      815       0
                text2                              122E     122E       7E      815       0
                text1                              17D4     17D4       18      815       0
                text0                              15FE     15FE       40      815       0
                cstackCOMRAM                         2E       2E       1B        1       1
                cstackBANK0                          72       72       10       60       1
                bssBANK0                             60       60       12       60       1
                bssCOMRAM                             1        1       2D        1       1
                cinit                              174C     174C       22      815       0
                nvBANK0                              82       82        2       60       1
                nvCOMRAM                             49       49        5        1       1

TOTAL           Name                               Link     Load   Length     Space
        CLASS   CODE           
                intcode                               8        8       BC         0
                init                                 C4       C4        4         0
                reset_vec                             0        0        4         0
                text66                             196A     196A        4         0
                text65                             1966     1966        4         0
                text64                             17B2     17B2       22         0
                text63                             146A     146A       66         0
                text62                             181C     181C       18         0
                text61                             1720     1720       2C         0
                text60                             16F4     16F4       2C         0
                text59                             16C8     16C8       2C         0
                text58                             169C     169C       2C         0
                text57                             15BC     15BC       42         0
                text56                             1962     1962        4         0
                text55                             195E     195E        4         0
                text54                             195A     195A        4         0
                text53                             1930     1930        6         0
                text52                             1956     1956        4         0
                text51                             192A     192A        6         0
                text50                             191C     191C        8         0
                text49                             185E     185E       14         0
                text48                             1952     1952        4         0
                text47                             12AC     12AC       7A         0
                text46                             18D2     18D2        A         0
                text45                             1872     1872        E         0
                text44                             1880     1880        C         0
                text43                             102A     102A       BE         0
                text42                             10E8     10E8       A4         0
                text41                             18C8     18C8        A         0
                text40                             1914     1914        8         0
                text39                             190C     190C        8         0
                text38                             1904     1904        8         0
                text37                             18FC     18FC        8         0
                text36                             18F4     18F4        8         0
                text35                             18EC     18EC        8         0
                text34                             18E4     18E4        8         0
                text33                             18BE     18BE        A         0
                text32                             14D0     14D0       64         0
                text31                             194E     194E        4         0
                text30                             1404     1404       66         0
                text29                             1924     1924        6         0
                text27                             194A     194A        4         0
                text26                             1946     1946        4         0
                text25                             1942     1942        4         0
                text24                             166E     166E       2E         0
                text23                             193E     193E        4         0
                text22                             1578     1578       44         0
                text21                             18DC     18DC        8         0
                text20                             193A     193A        4         0
                text19                             1790     1790       22         0
                text18                             18B4     18B4        A         0
                text17                             118C     118C       A2         0
                text16                             139A     139A       6A         0
                text15                             1804     1804       18         0
                text14                             176E     176E       22         0
                text13                             17EC     17EC       18         0
                text12                             1326     1326       74         0
                text11                             18AA     18AA        A         0
                text10                             18A0     18A0        A         0
                text9                              1896     1896        A         0
                text8                              1534     1534       44         0
                text7                              184A     184A       14         0
                text6                              1936     1936        4         0
                text5                              188C     188C        A         0
                text4                              163E     163E       30         0
                text3                              1834     1834       16         0
                text2                              122E     122E       7E         0
                text1                              17D4     17D4       18         0
                text0                              15FE     15FE       40         0
                cinit                              174C     174C       22         0

        CLASS   CONST          

        CLASS   SMALLCONST     
                smallconst                         1000     1000       2A         0

        CLASS   MEDIUMCONST    

        CLASS   COMRAM         
                temp                                 4E       4E        1         1
                cstackCOMRAM                         2E       2E       1B         1
                bssCOMRAM                             1        1       2D         1
                nvCOMRAM                             49       49        5         1

        CLASS   ABS1           

        CLASS   BIGRAM         

        CLASS   RAM            

        CLASS   BANK0          
                cstackBANK0                          72       72       10         1
                bssBANK0                             60       60       12         1
                nvBANK0                              82       82        2         1

        CLASS   BANK1          

        CLASS   BANK2          

        CLASS   BANK3          

        CLASS   BANK4          

        CLASS   BANK5          

        CLASS   BANK6          

        CLASS   BANK7          

        CLASS   BANK8          

        CLASS   BANK9          

        CLASS   BANK10         

        CLASS   BANK11         

        CLASS   BANK12         

        CLASS   BANK13         

        CLASS   BANK14         

        CLASS   BANK15         

        CLASS   SFR            

        CLASS   BIGSFR         

        CLASS   CONFIG         
                config                           300000   300000        E         4

        CLASS   IDLOC          

        CLASS   EEDATA         

        CLASS   FARRAM         

        CLASS   HEAP           

        CLASS   STACK          



SEGMENTS        Name                           Load    Length   Top    Selector   Space  Class

                reset_vec                      000000  000004  000004         0       0  CODE    
                bssCOMRAM                      000001  00004E  00004F         1       1  COMRAM  
                intcode                        000008  0000C0  0000C8         4       0  CODE    
                bssBANK0                       000060  000024  000084        60       1  BANK0   
                smallconst                     001000  00002A  00102A       800       0  SMALLCON
                text43                         00102A  000944  00196E       815       0  CODE    


UNUSED ADDRESS RANGES

        Name                Unused          Largest block    Delta
        BANK0            000084-0000FF               7C
        BANK1            000100-0001FF              100
        BANK10           000A00-000AFF              100
        BANK11           000B00-000BFF              100
        BANK12           000C00-000CFF              100
        BANK13           000D00-000DFF              100
        BANK14           000E00-000EFF              100
        BANK15           000F00-000F5F               60
        BANK2            000200-0002FF              100
        BANK3            000300-0003FF              100
        BANK4            000400-0004FF              100
        BANK5            000500-0005FF              100
        BANK6            000600-0006FF              100
        BANK7            000700-0007FF              100
        BANK8            000800-0008FF              100
        BANK9            000900-0009FF              100
        BIGRAM           00004F-00005F               11
                         000084-000F5F              EDC
        BIGSFR           000F60-000FFF               A0
        CODE             000004-000007                4
                         0000C8-000FFF              F38
                         00196E-00FFFF             E692
        COMRAM           00004F-00005F               11
        CONST            000004-000007                4
                         0000C8-000FFF              F38
                         00196E-00FFFF             E692
        EEDATA           F00000-F003FF              400
        IDLOC            200000-200007                8
        MEDIUMCONST      00196E-00FFFF             E692
        RAM              000084-000F5F              100
        SFR              000F60-000FFF               A0
        SMALLCONST       00196E-00FFFF              100

                                  Symbol Table

EUSART_SetErrorHandler@interruptHandler        cstackBANK0  000072
EUSART_SetFramingErrorHandler@interruptHandler cstackBANK0  000072
EUSART_SetOverrunErrorHandler@interruptHandler cstackBANK0  000072
I2C_CallbackReturnReset@funPtr                 cstackCOMRAM 000037
I2C_Close@returnValue                          cstackBANK0  000072
I2C_MasterOperation@read                       cstackBANK0  000072
I2C_MasterOperation@returnValue                cstackBANK0  000073
I2C_MasterSendTxData@data                      cstackCOMRAM 00002E
I2C_Open@address                               cstackBANK0  000074
I2C_Open@returnValue                           cstackBANK0  000075
I2C_Read1ByteRegister@address                  cstackBANK0  00007C
I2C_Read1ByteRegister@reg                      cstackBANK0  00007B
I2C_Read1ByteRegister@returnValue              cstackBANK0  00007D
I2C_SetAddressNackCallback@cb                  cstackBANK0  000077
I2C_SetAddressNackCallback@ptr                 cstackBANK0  000079
I2C_SetBuffer@buffer                           cstackBANK0  000072
I2C_SetBuffer@bufferSize                       cstackBANK0  000074
I2C_SetCallback@cb                             cstackBANK0  000072
I2C_SetCallback@idx                            cstackBANK0  000076
I2C_SetCallback@ptr                            cstackBANK0  000074
I2C_SetDataCompleteCallback@cb                 cstackBANK0  000077
I2C_SetDataCompleteCallback@ptr                cstackBANK0  000079
I2C_SetInterruptHandler@InterruptHandler       cstackBANK0  000072
I2C_Write1ByteRegister@address                 cstackBANK0  00007D
I2C_Write1ByteRegister@data                    cstackBANK0  00007C
I2C_Write1ByteRegister@reg                     cstackBANK0  00007B
TempSensor_TC74_Read_Temp@TC74_Address         cstackBANK0  00007E
TempSensor_TC74_Read_Temp@TC74_TempValue       cstackBANK0  00007F
_ANSEL                                         (abs)        000F7E
_ANSELH                                        (abs)        000F7F
_BAUDCON                                       (abs)        000FB8
_EUSART_DefaultErrorHandler                    (abs)        000000
_EUSART_DefaultFramingErrorHandler             (abs)        000000
_EUSART_DefaultOverrunErrorHandler             (abs)        000000
_EUSART_ErrorHandler                           nvBANK0      000082
_EUSART_FramingErrorHandler                    nvCOMRAM     00004B
_EUSART_Initialize                             text8        001534
_EUSART_OverrunErrorHandler                    nvCOMRAM     000049
_EUSART_SetErrorHandler                        text11       0018AA
_EUSART_SetFramingErrorHandler                 text10       0018A0
_EUSART_SetOverrunErrorHandler                 text9        001896
_I2C_CallbackReturnReset                       text55       00195E
_I2C_CallbackReturnStop                        text56       001962
_I2C_Close                                     text24       00166E
_I2C_DO_ADDRESS_NACK                           text32       0014D0
_I2C_DO_IDLE                                   text46       0018D2
_I2C_DO_RCEN                                   text41       0018C8
_I2C_DO_RESET                                  text33       0018BE
_I2C_DO_RX                                     text42       0010E8
_I2C_DO_RX_ACK                                 text36       0018F4
_I2C_DO_RX_NACK_RESTART                        text34       0018E4
_I2C_DO_RX_NACK_STOP                           text35       0018EC
_I2C_DO_SEND_ADR_READ                          text45       001872
_I2C_DO_SEND_ADR_WRITE                         text44       001880
_I2C_DO_SEND_RESTART                           text38       001904
_I2C_DO_SEND_RESTART_READ                      text40       001914
_I2C_DO_SEND_RESTART_WRITE                     text39       00190C
_I2C_DO_SEND_STOP                              text37       0018FC
_I2C_DO_TX                                     text43       00102A
_I2C_DO_TX_EMPTY                               text47       0012AC
_I2C_Initialize                                text7        00184A
_I2C_MasterClearIrq                            text27       00194A
_I2C_MasterClose                               text26       001946
_I2C_MasterDisableIrq                          text25       001942
_I2C_MasterEnableIrq                           text20       00193A
_I2C_MasterEnableRestart                       text66       00196A
_I2C_MasterFsm                                 text30       001404
_I2C_MasterGetRxData                           text52       001956
_I2C_MasterIsNack                              text49       00185E
_I2C_MasterIsr                                 text29       001924
_I2C_MasterOpen                                text19       001790
_I2C_MasterOperation                           text22       001578
_I2C_MasterSendAck                             text51       00192A
_I2C_MasterSendNack                            text53       001930
_I2C_MasterSendTxData                          text50       00191C
_I2C_MasterSetIrq                              text48       001952
_I2C_MasterStart                               text23       00193E
_I2C_MasterStartRx                             text54       00195A
_I2C_MasterStop                                text65       001966
_I2C_MasterWrite                               text21       0018DC
_I2C_Open                                      text17       00118C
_I2C_Read1ByteRegister                         text2        00122E
_I2C_SetAddressNackCallback                    text15       001804
_I2C_SetBuffer                                 text14       00176E
_I2C_SetCallback                               text16       00139A
_I2C_SetDataCompleteCallback                   text13       0017EC
_I2C_SetInterruptHandler                       text18       0018B4
_I2C_Status                                    bssCOMRAM    000001
_I2C_Write1ByteRegister                        text12       001326
_INTCON2bits                                   (abs)        000FF1
_INTCONbits                                    (abs)        000FF2
_INTERRUPT_Initialize                          text6        001936
_INTERRUPT_InterruptManager                    intcode      000008
_LATA                                          (abs)        000F89
_LATB                                          (abs)        000F8A
_LATC                                          (abs)        000F8B
_LATD                                          (abs)        000F8C
_LATE                                          (abs)        000F8D
_MSSP_InterruptHandler                         bssCOMRAM    00002B
_OSCCON                                        (abs)        000FD3
_OSCILLATOR_Initialize                         text5        00188C
_OSCTUNE                                       (abs)        000F9B
_PIE1bits                                      (abs)        000F9D
_PIE2bits                                      (abs)        000FA0
_PIN_MANAGER_Initialize                        text4        00163E
_PIR1bits                                      (abs)        000F9E
_PIR2bits                                      (abs)        000FA1
_RCONbits                                      (abs)        000FD0
_RCREG                                         (abs)        000FAE
_RCSTA                                         (abs)        000FAB
_RCSTAbits                                     (abs)        000FAB
_RealTimeClockDS1307                           bssCOMRAM    000025
_RealTimeClockDS1307_Pack                      bssBANK0     000060
_RecTemp                                       nvCOMRAM     00004D
_SPBRG                                         (abs)        000FAF
_SPBRGH                                        (abs)        000FB0
_SSPADD                                        (abs)        000FC8
_SSPBUF                                        (abs)        000FC9
_SSPCON1                                       (abs)        000FC6
_SSPCON1bits                                   (abs)        000FC6
_SSPCON2                                       (abs)        000FC5
_SSPCON2bits                                   (abs)        000FC5
_SSPSTAT                                       (abs)        000FC7
_SSPSTATbits                                   (abs)        000FC7
_SYSTEM_Initialize                             text3        001834
_TRISA                                         (abs)        000F92
_TRISB                                         (abs)        000F93
_TRISC                                         (abs)        000F94
_TRISD                                         (abs)        000F95
_TRISE                                         (abs)        000F96
_TXREG                                         (abs)        000FAD
_TXSTA                                         (abs)        000FAC
_TXSTAbits                                     (abs)        000FAC
_TempSensor_TC74_Read_Temp                     text1        0017D4
_WPUB                                          (abs)        000F7C
__HRAM                                         (abs)        000000
__H__absolute__                                __absolute__ 000000
__Habs1                                        abs1         000000
__Hbank0                                       bank0        000000
__Hbank1                                       bank1        000000
__Hbank10                                      bank10       000000
__Hbank11                                      bank11       000000
__Hbank12                                      bank12       000000
__Hbank13                                      bank13       000000
__Hbank14                                      bank14       000000
__Hbank15                                      bank15       000000
__Hbank2                                       bank2        000000
__Hbank3                                       bank3        000000
__Hbank4                                       bank4        000000
__Hbank5                                       bank5        000000
__Hbank6                                       bank6        000000
__Hbank7                                       bank7        000000
__Hbank8                                       bank8        000000
__Hbank9                                       bank9        000000
__Hbigbss                                      bigbss       000000
__Hbigdata                                     bigdata      000000
__Hbigram                                      bigram       000000
__Hbigsfr                                      bigsfr       000000
__Hbss                                         bss          000000
__HbssBANK0                                    bssBANK0     000000
__HbssCOMRAM                                   bssCOMRAM    000000
__Hcinit                                       cinit        000000
__Hclrtext                                     clrtext      000000
__Hcomram                                      comram       000000
__Hconfig                                      config       30000E
__Hconst                                       const        000000
__HcstackBANK0                                 cstackBANK0  000000
__HcstackCOMRAM                                cstackCOMRAM 000000
__Hdata                                        data         000000
__Heeprom_data                                 eeprom_data  000000
__Hfarbss                                      farbss       000000
__Hfardata                                     fardata      000000
__Hheap                                        heap         000000
__Hibigdata                                    ibigdata     000000
__Hidata                                       idata        000000
__Hidloc                                       idloc        000000
__Hifardata                                    ifardata     000000
__Hinit                                        init         0000C8
__Hintcode                                     intcode      0000C4
__Hintcode_body                                intcode_body 000000
__Hintcodelo                                   intcodelo    0000C4
__Hintentry                                    intentry     000000
__Hintret                                      intret       000000
__Hintsave_regs                                intsave_regs 000000
__Hirdata                                      irdata       000000
__Hmediumconst                                 mediumconst  000000
__HnvBANK0                                     nvBANK0      000000
__HnvCOMRAM                                    nvCOMRAM     000000
__HnvFARRAM                                    nvFARRAM     000000
__Hnvbit                                       nvbit        000000
__Hnvrram                                      nvrram       000000
__Hparam                                       rparam       000000
__Hpowerup                                     powerup      0000C4
__Hram                                         ram          000000
__Hramtop                                      ramtop       001000
__Hrbit                                        rbit         000000
__Hrbss                                        rbss         000000
__Hrdata                                       rdata        000000
__Hreset_vec                                   reset_vec    000004
__Hrparam                                      rparam       000000
__Hsfr                                         sfr          000000
__Hsmallconst                                  smallconst   00102A
__Hspace_0                                     (abs)        00196E
__Hspace_1                                     (abs)        000084
__Hspace_2                                     (abs)        000000
__Hspace_4                                     (abs)        60000E
__Hstack                                       stack        000000
__Hstruct                                      struct       000000
__Htemp                                        temp         00004F
__Htext                                        text         000000
__Htext0                                       text0        000000
__Htext1                                       text1        000000
__Htext10                                      text10       000000
__Htext11                                      text11       000000
__Htext12                                      text12       000000
__Htext13                                      text13       000000
__Htext14                                      text14       000000
__Htext15                                      text15       000000
__Htext16                                      text16       000000
__Htext17                                      text17       000000
__Htext18                                      text18       000000
__Htext19                                      text19       000000
__Htext2                                       text2        000000
__Htext20                                      text20       000000
__Htext21                                      text21       000000
__Htext22                                      text22       000000
__Htext23                                      text23       000000
__Htext24                                      text24       000000
__Htext25                                      text25       000000
__Htext26                                      text26       000000
__Htext27                                      text27       000000
__Htext29                                      text29       000000
__Htext3                                       text3        000000
__Htext30                                      text30       000000
__Htext31                                      text31       000000
__Htext32                                      text32       000000
__Htext33                                      text33       000000
__Htext34                                      text34       000000
__Htext35                                      text35       000000
__Htext36                                      text36       000000
__Htext37                                      text37       000000
__Htext38                                      text38       000000
__Htext39                                      text39       000000
__Htext4                                       text4        000000
__Htext40                                      text40       000000
__Htext41                                      text41       000000
__Htext42                                      text42       000000
__Htext43                                      text43       000000
__Htext44                                      text44       000000
__Htext45                                      text45       000000
__Htext46                                      text46       000000
__Htext47                                      text47       000000
__Htext48                                      text48       000000
__Htext49                                      text49       000000
__Htext5                                       text5        000000
__Htext50                                      text50       000000
__Htext51                                      text51       000000
__Htext52                                      text52       000000
__Htext53                                      text53       000000
__Htext54                                      text54       000000
__Htext55                                      text55       000000
__Htext56                                      text56       000000
__Htext57                                      text57       000000
__Htext58                                      text58       000000
__Htext59                                      text59       000000
__Htext6                                       text6        000000
__Htext60                                      text60       000000
__Htext61                                      text61       000000
__Htext62                                      text62       000000
__Htext63                                      text63       000000
__Htext64                                      text64       000000
__Htext65                                      text65       000000
__Htext66                                      text66       000000
__Htext67                                      text67       000000
__Htext7                                       text7        000000
__Htext8                                       text8        000000
__Htext9                                       text9        000000
__LRAM                                         (abs)        000001
__L__absolute__                                __absolute__ 000000
__Labs1                                        abs1         000000
__Lbank0                                       bank0        000000
__Lbank1                                       bank1        000000
__Lbank10                                      bank10       000000
__Lbank11                                      bank11       000000
__Lbank12                                      bank12       000000
__Lbank13                                      bank13       000000
__Lbank14                                      bank14       000000
__Lbank15                                      bank15       000000
__Lbank2                                       bank2        000000
__Lbank3                                       bank3        000000
__Lbank4                                       bank4        000000
__Lbank5                                       bank5        000000
__Lbank6                                       bank6        000000
__Lbank7                                       bank7        000000
__Lbank8                                       bank8        000000
__Lbank9                                       bank9        000000
__Lbigbss                                      bigbss       000000
__Lbigdata                                     bigdata      000000
__Lbigram                                      bigram       000000
__Lbigsfr                                      bigsfr       000000
__Lbss                                         bss          000000
__LbssBANK0                                    bssBANK0     000000
__LbssCOMRAM                                   bssCOMRAM    000000
__Lcinit                                       cinit        000000
__Lclrtext                                     clrtext      000000
__Lcomram                                      comram       000000
__Lconfig                                      config       000000
__Lconst                                       const        000000
__LcstackBANK0                                 cstackBANK0  000000
__LcstackCOMRAM                                cstackCOMRAM 000000
__Ldata                                        data         000000
__Leeprom_data                                 eeprom_data  000000
__Lfarbss                                      farbss       000000
__Lfardata                                     fardata      000000
__Lheap                                        heap         000000
__Libigdata                                    ibigdata     000000
__Lidata                                       idata        000000
__Lidloc                                       idloc        000000
__Lifardata                                    ifardata     000000
__Linit                                        init         0000C4
__Lintcode                                     intcode      000008
__Lintcode_body                                intcode_body 000000
__Lintcodelo                                   intcodelo    0000C4
__Lintentry                                    intentry     000000
__Lintret                                      intret       000000
__Lintsave_regs                                intsave_regs 000000
__Lirdata                                      irdata       000000
__Lmediumconst                                 mediumconst  000000
__LnvBANK0                                     nvBANK0      000000
__LnvCOMRAM                                    nvCOMRAM     000000
__LnvFARRAM                                    nvFARRAM     000000
__Lnvbit                                       nvbit        000000
__Lnvrram                                      nvrram       000000
__Lparam                                       rparam       000000
__Lpowerup                                     powerup      0000C4
__Lram                                         ram          000000
__Lramtop                                      ramtop       001000
__Lrbit                                        rbit         000000
__Lrbss                                        rbss         000000
__Lrdata                                       rdata        000000
__Lreset_vec                                   reset_vec    000000
__Lrparam                                      rparam       000000
__Lsfr                                         sfr          000000
__Lsmallconst                                  smallconst   001000
__Lspace_0                                     (abs)        000000
__Lspace_1                                     (abs)        000000
__Lspace_2                                     (abs)        000000
__Lspace_4                                     (abs)        000000
__Lstack                                       stack        000000
__Lstruct                                      struct       000000
__Ltemp                                        temp         00004E
__Ltext                                        text         000000
__Ltext0                                       text0        000000
__Ltext1                                       text1        000000
__Ltext10                                      text10       000000
__Ltext11                                      text11       000000
__Ltext12                                      text12       000000
__Ltext13                                      text13       000000
__Ltext14                                      text14       000000
__Ltext15                                      text15       000000
__Ltext16                                      text16       000000
__Ltext17                                      text17       000000
__Ltext18                                      text18       000000
__Ltext19                                      text19       000000
__Ltext2                                       text2        000000
__Ltext20                                      text20       000000
__Ltext21                                      text21       000000
__Ltext22                                      text22       000000
__Ltext23                                      text23       000000
__Ltext24                                      text24       000000
__Ltext25                                      text25       000000
__Ltext26                                      text26       000000
__Ltext27                                      text27       000000
__Ltext29                                      text29       000000
__Ltext3                                       text3        000000
__Ltext30                                      text30       000000
__Ltext31                                      text31       000000
__Ltext32                                      text32       000000
__Ltext33                                      text33       000000
__Ltext34                                      text34       000000
__Ltext35                                      text35       000000
__Ltext36                                      text36       000000
__Ltext37                                      text37       000000
__Ltext38                                      text38       000000
__Ltext39                                      text39       000000
__Ltext4                                       text4        000000
__Ltext40                                      text40       000000
__Ltext41                                      text41       000000
__Ltext42                                      text42       000000
__Ltext43                                      text43       000000
__Ltext44                                      text44       000000
__Ltext45                                      text45       000000
__Ltext46                                      text46       000000
__Ltext47                                      text47       000000
__Ltext48                                      text48       000000
__Ltext49                                      text49       000000
__Ltext5                                       text5        000000
__Ltext50                                      text50       000000
__Ltext51                                      text51       000000
__Ltext52                                      text52       000000
__Ltext53                                      text53       000000
__Ltext54                                      text54       000000
__Ltext55                                      text55       000000
__Ltext56                                      text56       000000
__Ltext57                                      text57       000000
__Ltext58                                      text58       000000
__Ltext59                                      text59       000000
__Ltext6                                       text6        000000
__Ltext60                                      text60       000000
__Ltext61                                      text61       000000
__Ltext62                                      text62       000000
__Ltext63                                      text63       000000
__Ltext64                                      text64       000000
__Ltext65                                      text65       000000
__Ltext66                                      text66       000000
__Ltext67                                      text67       000000
__Ltext7                                       text7        000000
__Ltext8                                       text8        000000
__Ltext9                                       text9        000000
__S0                                           (abs)        00196E
__S1                                           (abs)        000084
__S4                                           (abs)        000000
__S5                                           (abs)        000000
___heap_hi                                     (abs)        000000
___heap_lo                                     (abs)        000000
___inthi_sp                                    stack        000000
___inthi_stack_hi                              stack        000000
___inthi_stack_lo                              stack        000000
___intlo_sp                                    stack        000000
___intlo_stack_hi                              stack        000000
___intlo_stack_lo                              stack        000000
___param_bank                                  (abs)        000000
___rparam_used                                 (abs)        000001
___sp                                          stack        000000
___stack_hi                                    stack        000000
___stack_lo                                    stack        000000
__accesstop                                    (abs)        000060
__activetblptr                                 (abs)        000003
__end_of_EUSART_Initialize                     text8        001578
__end_of_EUSART_SetErrorHandler                text11       0018B4
__end_of_EUSART_SetFramingErrorHandler         text10       0018AA
__end_of_EUSART_SetOverrunErrorHandler         text9        0018A0
__end_of_I2C_CallbackReturnReset               text55       001962
__end_of_I2C_CallbackReturnStop                text56       001966
__end_of_I2C_Close                             text24       00169C
__end_of_I2C_DO_ADDRESS_NACK                   text32       001534
__end_of_I2C_DO_IDLE                           text46       0018DC
__end_of_I2C_DO_RCEN                           text41       0018D2
__end_of_I2C_DO_RESET                          text33       0018C8
__end_of_I2C_DO_RX                             text42       00118C
__end_of_I2C_DO_RX_ACK                         text36       0018FC
__end_of_I2C_DO_RX_NACK_RESTART                text34       0018EC
__end_of_I2C_DO_RX_NACK_STOP                   text35       0018F4
__end_of_I2C_DO_SEND_ADR_READ                  text45       001880
__end_of_I2C_DO_SEND_ADR_WRITE                 text44       00188C
__end_of_I2C_DO_SEND_RESTART                   text38       00190C
__end_of_I2C_DO_SEND_RESTART_READ              text40       00191C
__end_of_I2C_DO_SEND_RESTART_WRITE             text39       001914
__end_of_I2C_DO_SEND_STOP                      text37       001904
__end_of_I2C_DO_TX                             text43       0010E8
__end_of_I2C_DO_TX_EMPTY                       text47       001326
__end_of_I2C_Initialize                        text7        00185E
__end_of_I2C_MasterClearIrq                    text27       00194E
__end_of_I2C_MasterClose                       text26       00194A
__end_of_I2C_MasterDisableIrq                  text25       001946
__end_of_I2C_MasterEnableIrq                   text20       00193E
__end_of_I2C_MasterEnableRestart               text66       00196E
__end_of_I2C_MasterFsm                         text30       00146A
__end_of_I2C_MasterGetRxData                   text52       00195A
__end_of_I2C_MasterIsNack                      text49       001872
__end_of_I2C_MasterIsr                         text29       00192A
__end_of_I2C_MasterOpen                        text19       0017B2
__end_of_I2C_MasterOperation                   text22       0015BC
__end_of_I2C_MasterSendAck                     text51       001930
__end_of_I2C_MasterSendNack                    text53       001936
__end_of_I2C_MasterSendTxData                  text50       001924
__end_of_I2C_MasterSetIrq                      text48       001956
__end_of_I2C_MasterStart                       text23       001942
__end_of_I2C_MasterStartRx                     text54       00195E
__end_of_I2C_MasterStop                        text65       00196A
__end_of_I2C_MasterWrite                       text21       0018E4
__end_of_I2C_Open                              text17       00122E
__end_of_I2C_Read1ByteRegister                 text2        0012AC
__end_of_I2C_SetAddressNackCallback            text15       00181C
__end_of_I2C_SetBuffer                         text14       001790
__end_of_I2C_SetCallback                       text16       001404
__end_of_I2C_SetDataCompleteCallback           text13       001804
__end_of_I2C_SetInterruptHandler               text18       0018BE
__end_of_I2C_Write1ByteRegister                text12       00139A
__end_of_INTERRUPT_Initialize                  text6        00193A
__end_of_INTERRUPT_InterruptManager            intcode      0000C4
__end_of_OSCILLATOR_Initialize                 text5        001896
__end_of_PIN_MANAGER_Initialize                text4        00166E
__end_of_SYSTEM_Initialize                     text3        00184A
__end_of_TempSensor_TC74_Read_Temp             text1        0017EC
__end_of__initialization                       cinit        001764
__end_of_i2c_fsmStateTable                     smallconst   001021
__end_of_main                                  text0        00163E
__end_of_rd1RegCompleteHandler                 text60       001720
__end_of_rd2RegCompleteHandler                 text59       0016F4
__end_of_rdBlkRegCompleteHandler               text57       0015FE
__end_of_wr1RegCompleteHandler                 text58       0016C8
__end_of_wr2RegCompleteHandler                 text61       00174C
__end_ofi2_I2C_MasterClearIrq                  text31       001952
__end_ofi2_I2C_SetBuffer                       text64       0017D4
__end_ofi2_I2C_SetCallback                     text63       0014D0
__end_ofi2_I2C_SetDataCompleteCallback         text62       001834
__initialization                               cinit        00174C
__mediumconst                                  mediumconst  000000
__pbssBANK0                                    bssBANK0     000060
__pbssCOMRAM                                   bssCOMRAM    000001
__pcinit                                       cinit        00174C
__pcstackBANK0                                 cstackBANK0  000072
__pcstackCOMRAM                                cstackCOMRAM 00002E
__pintcode                                     intcode      000008
__pnvBANK0                                     nvBANK0      000082
__pnvCOMRAM                                    nvCOMRAM     000049
__psmallconst                                  smallconst   001000
__ptext0                                       text0        0015FE
__ptext1                                       text1        0017D4
__ptext10                                      text10       0018A0
__ptext11                                      text11       0018AA
__ptext12                                      text12       001326
__ptext13                                      text13       0017EC
__ptext14                                      text14       00176E
__ptext15                                      text15       001804
__ptext16                                      text16       00139A
__ptext17                                      text17       00118C
__ptext18                                      text18       0018B4
__ptext19                                      text19       001790
__ptext2                                       text2        00122E
__ptext20                                      text20       00193A
__ptext21                                      text21       0018DC
__ptext22                                      text22       001578
__ptext23                                      text23       00193E
__ptext24                                      text24       00166E
__ptext25                                      text25       001942
__ptext26                                      text26       001946
__ptext27                                      text27       00194A
__ptext29                                      text29       001924
__ptext3                                       text3        001834
__ptext30                                      text30       001404
__ptext31                                      text31       00194E
__ptext32                                      text32       0014D0
__ptext33                                      text33       0018BE
__ptext34                                      text34       0018E4
__ptext35                                      text35       0018EC
__ptext36                                      text36       0018F4
__ptext37                                      text37       0018FC
__ptext38                                      text38       001904
__ptext39                                      text39       00190C
__ptext4                                       text4        00163E
__ptext40                                      text40       001914
__ptext41                                      text41       0018C8
__ptext42                                      text42       0010E8
__ptext43                                      text43       00102A
__ptext44                                      text44       001880
__ptext45                                      text45       001872
__ptext46                                      text46       0018D2
__ptext47                                      text47       0012AC
__ptext48                                      text48       001952
__ptext49                                      text49       00185E
__ptext5                                       text5        00188C
__ptext50                                      text50       00191C
__ptext51                                      text51       00192A
__ptext52                                      text52       001956
__ptext53                                      text53       001930
__ptext54                                      text54       00195A
__ptext55                                      text55       00195E
__ptext56                                      text56       001962
__ptext57                                      text57       0015BC
__ptext58                                      text58       00169C
__ptext59                                      text59       0016C8
__ptext6                                       text6        001936
__ptext60                                      text60       0016F4
__ptext61                                      text61       001720
__ptext62                                      text62       00181C
__ptext63                                      text63       00146A
__ptext64                                      text64       0017B2
__ptext65                                      text65       001966
__ptext66                                      text66       00196A
__ptext67                                      text67       000000
__ptext7                                       text7        00184A
__ptext8                                       text8        001534
__ptext9                                       text9        001896
__ramtop                                       ramtop       001000
__smallconst                                   smallconst   001000
_eusartRxLastError                             bssCOMRAM    00002D
_i2c_fsmStateTable                             smallconst   001001
_main                                          text0        0015FE
_rd1RegCompleteHandler                         text60       0016F4
_rd2RegCompleteHandler                         text59       0016C8
_rdBlkRegCompleteHandler                       text57       0015BC
_wr1RegCompleteHandler                         text58       00169C
_wr2RegCompleteHandler                         text61       001720
btemp                                          temp         00004E
end_of_initialization                          cinit        001764
i2I2C_SetBuffer@buffer                         cstackCOMRAM 00002E
i2I2C_SetBuffer@bufferSize                     cstackCOMRAM 000030
i2I2C_SetCallback@cb                           cstackCOMRAM 00002E
i2I2C_SetCallback@idx                          cstackCOMRAM 000032
i2I2C_SetCallback@ptr                          cstackCOMRAM 000030
i2I2C_SetDataCompleteCallback@cb               cstackCOMRAM 000033
i2I2C_SetDataCompleteCallback@ptr              cstackCOMRAM 000035
i2_I2C_MasterClearIrq                          text31       00194E
i2_I2C_SetBuffer                               text64       0017B2
i2_I2C_SetCallback                             text63       00146A
i2_I2C_SetDataCompleteCallback                 text62       00181C
int$flags                                      temp         00004E
intlevel0                                      text         000000
intlevel1                                      text         000000
intlevel2                                      text         000000
intlevel3                                      text         000000
isa$std                                        (abs)        000001
isa$xinst                                      (abs)        000000
rd1RegCompleteHandler@ptr                      cstackCOMRAM 000037
rd2RegCompleteHandler@ptr                      cstackCOMRAM 000037
rdBlkRegCompleteHandler@ptr                    cstackCOMRAM 000037
stackhi                                        (abs)        000000
stacklo                                        (abs)        000000
start                                          init         0000C4
start_initialization                           cinit        00174C
ttemp5                                         temp         00004F
ttemp6                                         temp         000052
ttemp7                                         temp         000056
wr1RegCompleteHandler@ptr                      cstackCOMRAM 000037
wr2RegCompleteHandler@ptr                      cstackCOMRAM 000037
wtemp8                                         temp         00004F


MODULE INFORMATION

Module		Function		Class		Link	Load	Size
AECUL_Modules/TemSensor_TC74/TemSensor_TC74.c
		_TempSensor_TC74_Read_Temp		CODE           	17D4	0000	24

AECUL_Modules/TemSensor_TC74/TemSensor_TC74.c estimated size: 24

mcc_generated_files/interrupt_manager.c
		_INTERRUPT_Initialize		CODE           	1936	0000	4
		_INTERRUPT_InterruptManager		CODE           	0008	0000	188

mcc_generated_files/interrupt_manager.c estimated size: 192

mcc_generated_files/examples/i2c_master_example.c
		_wr1RegCompleteHandler		CODE           	169C	0000	44
		_wr2RegCompleteHandler		CODE           	1720	0000	44
		_I2C_Write1ByteRegister		CODE           	1326	0000	116
		_I2C_Read1ByteRegister		CODE           	122E	0000	126
		_rdBlkRegCompleteHandler		CODE           	15BC	0000	66
		_rd1RegCompleteHandler		CODE           	16F4	0000	44
		_rd2RegCompleteHandler		CODE           	16C8	0000	44

mcc_generated_files/examples/i2c_master_example.c estimated size: 484

mcc_generated_files/pin_manager.c
		_PIN_MANAGER_Initialize		CODE           	163E	0000	48

mcc_generated_files/pin_manager.c estimated size: 48

shared
		i2_I2C_SetBuffer		CODE           	17B2	0000	34
		__initialization		CODE           	174C	0000	24
		i2_I2C_SetCallback		CODE           	146A	0000	102
		i2_I2C_SetDataCompleteCallback		CODE           	181C	0000	24
		i2_I2C_MasterClearIrq		CODE           	194E	0000	4
		_i2c_fsmStateTable		SMALLCONST     	1001	0000	32

shared estimated size: 220

mcc_generated_files/mcc.c
		_OSCILLATOR_Initialize		CODE           	188C	0000	10
		_SYSTEM_Initialize		CODE           	1834	0000	22

mcc_generated_files/mcc.c estimated size: 32

mcc_generated_files/i2c_master.c
		_I2C_Close     		CODE           	166E	0000	46
		_I2C_MasterStartRx		CODE           	195A	0000	4
		_I2C_DO_SEND_ADR_WRITE		CODE           	1880	0000	12
		_I2C_DO_SEND_STOP		CODE           	18FC	0000	8
		_I2C_MasterSendNack		CODE           	1930	0000	6
		_I2C_MasterDisableIrq		CODE           	1942	0000	4
		_I2C_CallbackReturnStop		CODE           	1962	0000	4
		_I2C_MasterOperation		CODE           	1578	0000	68
		_I2C_DO_SEND_ADR_READ		CODE           	1872	0000	14
		_I2C_DO_RX_NACK_STOP		CODE           	18EC	0000	8
		_I2C_DO_SEND_RESTART		CODE           	1904	0000	8
		_I2C_DO_RX     		CODE           	10E8	0000	164
		_I2C_DO_TX     		CODE           	102A	0000	190
		_I2C_DO_IDLE   		CODE           	18D2	0000	10
		_I2C_DO_RCEN   		CODE           	18C8	0000	10
		_I2C_DO_RESET  		CODE           	18BE	0000	10
		_I2C_MasterClose		CODE           	1946	0000	4
		_I2C_MasterWrite		CODE           	18DC	0000	8
		_I2C_DO_RX_ACK 		CODE           	18F4	0000	8
		_I2C_MasterStart		CODE           	193E	0000	4
		_I2C_MasterClearIrq		CODE           	194A	0000	4
		_I2C_MasterGetRxData		CODE           	1956	0000	4
		_I2C_SetCallback		CODE           	139A	0000	106
		_I2C_DO_ADDRESS_NACK		CODE           	14D0	0000	100
		_I2C_MasterEnableRestart		CODE           	196A	0000	4
		_I2C_CallbackReturnReset		CODE           	195E	0000	4
		_I2C_Open      		CODE           	118C	0000	162
		_I2C_SetAddressNackCallback		CODE           	1804	0000	24
		_I2C_DO_TX_EMPTY		CODE           	12AC	0000	122
		_I2C_DO_SEND_RESTART_WRITE		CODE           	190C	0000	8
		_I2C_MasterIsNack		CODE           	185E	0000	20
		_I2C_SetDataCompleteCallback		CODE           	17EC	0000	24
		_I2C_DO_RX_NACK_RESTART		CODE           	18E4	0000	8
		_I2C_MasterSendAck		CODE           	192A	0000	6
		_I2C_MasterFsm 		CODE           	1404	0000	102
		_I2C_MasterIsr 		CODE           	1924	0000	6
		_I2C_MasterSetIrq		CODE           	1952	0000	4
		_I2C_DO_SEND_RESTART_READ		CODE           	1914	0000	8
		_I2C_MasterEnableIrq		CODE           	193A	0000	4
		_I2C_Initialize		CODE           	184A	0000	20
		_I2C_SetBuffer 		CODE           	176E	0000	34
		_I2C_SetInterruptHandler		CODE           	18B4	0000	10
		_I2C_MasterOpen		CODE           	1790	0000	34
		_I2C_MasterSendTxData		CODE           	191C	0000	8
		_I2C_MasterStop		CODE           	1966	0000	4

mcc_generated_files/i2c_master.c estimated size: 1420

mcc_generated_files/eusart.c
		_EUSART_Initialize		CODE           	1534	0000	68
		_EUSART_SetFramingErrorHandler		CODE           	18A0	0000	10
		_EUSART_SetErrorHandler		CODE           	18AA	0000	10
		_EUSART_SetOverrunErrorHandler		CODE           	1896	0000	10

mcc_generated_files/eusart.c estimated size: 98

main.c
		_main          		CODE           	15FE	0000	64

main.c estimated size: 64

